# Bake Begins!
### (1 of 6) Copy sources
$ cp -a /home/travis/build/fontdirectory/volkhov/METADATA.json /home/travis/build/fontdirectory/volkhov/builds/build
$ cp -a /home/travis/build/fontdirectory/volkhov/FONTLOG.txt /home/travis/build/fontdirectory/volkhov/builds/build
$ cp -a /home/travis/build/fontdirectory/volkhov/DESCRIPTION.en_us.html /home/travis/build/fontdirectory/volkhov/builds/build
$ cp -a Volkhov-Regular.ttf.ttx Volkhov-Bold.ttf.ttx Volkhov-Italic.ttf.ttx Volkhov-BoldItalic.ttf.ttx src/Volkhov-Bold-OTF.otf.ttx src/Volkhov-BoldItalic-OTF.otf.ttx src/Volkhov-Italic-OTF.otf.ttx src/Volkhov-Regular-OTF.otf.ttx src/Volkhov-Italic-TTF.sfd src/Volkhov-BoldItalic-TTF.sfd Volkhov-Regular.ttf._k_e_r_n.ttx Volkhov-Regular.ttf._c_v_t.ttx Volkhov-Regular.ttf._g_l_y_f.ttx Volkhov-Regular.ttf.L_T_S_H_.ttx Volkhov-Regular.ttf._h_e_a_d.ttx Volkhov-Regular.ttf._p_o_s_t.ttx Volkhov-Regular.ttf._c_m_a_p.ttx Volkhov-Regular.ttf._p_r_e_p.ttx Volkhov-Regular.ttf._h_h_e_a.ttx Volkhov-Regular.ttf._g_a_s_p.ttx Volkhov-Regular.ttf._h_m_t_x.ttx Volkhov-Regular.ttf.GlyphOrder.ttx Volkhov-Regular.ttf._f_p_g_m.ttx Volkhov-Regular.ttf.V_D_M_X_.ttx Volkhov-Regular.ttf._h_d_m_x.ttx Volkhov-Regular.ttf._m_a_x_p.ttx Volkhov-Regular.ttf.G_P_O_S_.ttx Volkhov-Regular.ttf.O_S_2f_2.ttx Volkhov-Regular.ttf._l_o_c_a.ttx Volkhov-Regular.ttf._n_a_m_e.ttx Volkhov-Bold.ttf.V_D_M_X_.ttx Volkhov-Bold.ttf._n_a_m_e.ttx Volkhov-Bold.ttf._c_m_a_p.ttx Volkhov-Bold.ttf.GlyphOrder.ttx Volkhov-Bold.ttf.L_T_S_H_.ttx Volkhov-Bold.ttf._g_l_y_f.ttx Volkhov-Bold.ttf._g_a_s_p.ttx Volkhov-Bold.ttf._p_o_s_t.ttx Volkhov-Bold.ttf._k_e_r_n.ttx Volkhov-Bold.ttf._h_e_a_d.ttx Volkhov-Bold.ttf._h_d_m_x.ttx Volkhov-Bold.ttf._h_h_e_a.ttx Volkhov-Bold.ttf.G_P_O_S_.ttx Volkhov-Bold.ttf._c_v_t.ttx Volkhov-Bold.ttf._l_o_c_a.ttx Volkhov-Bold.ttf._p_r_e_p.ttx Volkhov-Bold.ttf._m_a_x_p.ttx Volkhov-Bold.ttf._h_m_t_x.ttx Volkhov-Bold.ttf._f_p_g_m.ttx Volkhov-Bold.ttf.O_S_2f_2.ttx Volkhov-Italic.ttf._p_o_s_t.ttx Volkhov-Italic.ttf.GlyphOrder.ttx Volkhov-Italic.ttf._c_m_a_p.ttx Volkhov-Italic.ttf.V_D_M_X_.ttx Volkhov-Italic.ttf._m_a_x_p.ttx Volkhov-Italic.ttf.O_S_2f_2.ttx Volkhov-Italic.ttf._n_a_m_e.ttx Volkhov-Italic.ttf.G_P_O_S_.ttx Volkhov-Italic.ttf.L_T_S_H_.ttx Volkhov-Italic.ttf._k_e_r_n.ttx Volkhov-Italic.ttf._g_l_y_f.ttx Volkhov-Italic.ttf._h_h_e_a.ttx Volkhov-Italic.ttf._l_o_c_a.ttx Volkhov-Italic.ttf._p_r_e_p.ttx Volkhov-Italic.ttf._h_m_t_x.ttx Volkhov-Italic.ttf._h_e_a_d.ttx Volkhov-Italic.ttf._g_a_s_p.ttx Volkhov-Italic.ttf._h_d_m_x.ttx Volkhov-Italic.ttf._f_p_g_m.ttx Volkhov-Italic.ttf._c_v_t.ttx Volkhov-BoldItalic.ttf.V_D_M_X_.ttx Volkhov-BoldItalic.ttf._p_r_e_p.ttx Volkhov-BoldItalic.ttf._h_d_m_x.ttx Volkhov-BoldItalic.ttf._n_a_m_e.ttx Volkhov-BoldItalic.ttf.G_P_O_S_.ttx Volkhov-BoldItalic.ttf._p_o_s_t.ttx Volkhov-BoldItalic.ttf._f_p_g_m.ttx Volkhov-BoldItalic.ttf._h_e_a_d.ttx Volkhov-BoldItalic.ttf._h_h_e_a.ttx Volkhov-BoldItalic.ttf._l_o_c_a.ttx Volkhov-BoldItalic.ttf.L_T_S_H_.ttx Volkhov-BoldItalic.ttf._c_v_t.ttx Volkhov-BoldItalic.ttf.O_S_2f_2.ttx Volkhov-BoldItalic.ttf._g_l_y_f.ttx Volkhov-BoldItalic.ttf._h_m_t_x.ttx Volkhov-BoldItalic.ttf._g_a_s_p.ttx Volkhov-BoldItalic.ttf._k_e_r_n.ttx Volkhov-BoldItalic.ttf._m_a_x_p.ttx Volkhov-BoldItalic.ttf._c_m_a_p.ttx Volkhov-BoldItalic.ttf.GlyphOrder.ttx src/Volkhov-Bold-OTF.otf._m_a_x_p.ttx src/Volkhov-Bold-OTF.otf._h_m_t_x.ttx src/Volkhov-Bold-OTF.otf._c_m_a_p.ttx src/Volkhov-Bold-OTF.otf._h_h_e_a.ttx src/Volkhov-Bold-OTF.otf._k_e_r_n.ttx src/Volkhov-Bold-OTF.otf.C_F_F_.ttx src/Volkhov-Bold-OTF.otf.G_P_O_S_.ttx src/Volkhov-Bold-OTF.otf._n_a_m_e.ttx src/Volkhov-Bold-OTF.otf._p_o_s_t.ttx src/Volkhov-Bold-OTF.otf.O_S_2f_2.ttx src/Volkhov-Bold-OTF.otf.GlyphOrder.ttx src/Volkhov-Bold-OTF.otf._h_e_a_d.ttx src/Volkhov-BoldItalic-OTF.otf._h_m_t_x.ttx src/Volkhov-BoldItalic-OTF.otf._p_o_s_t.ttx src/Volkhov-BoldItalic-OTF.otf._k_e_r_n.ttx src/Volkhov-BoldItalic-OTF.otf._m_a_x_p.ttx src/Volkhov-BoldItalic-OTF.otf.C_F_F_.ttx src/Volkhov-BoldItalic-OTF.otf.O_S_2f_2.ttx src/Volkhov-BoldItalic-OTF.otf._c_m_a_p.ttx src/Volkhov-BoldItalic-OTF.otf.G_P_O_S_.ttx src/Volkhov-BoldItalic-OTF.otf._h_e_a_d.ttx src/Volkhov-BoldItalic-OTF.otf._h_h_e_a.ttx src/Volkhov-BoldItalic-OTF.otf._n_a_m_e.ttx src/Volkhov-BoldItalic-OTF.otf.GlyphOrder.ttx src/Volkhov-Italic-OTF.otf._k_e_r_n.ttx src/Volkhov-Italic-OTF.otf._h_m_t_x.ttx src/Volkhov-Italic-OTF.otf._m_a_x_p.ttx src/Volkhov-Italic-OTF.otf._h_h_e_a.ttx src/Volkhov-Italic-OTF.otf._c_m_a_p.ttx src/Volkhov-Italic-OTF.otf.C_F_F_.ttx src/Volkhov-Italic-OTF.otf._n_a_m_e.ttx src/Volkhov-Italic-OTF.otf.G_P_O_S_.ttx src/Volkhov-Italic-OTF.otf.O_S_2f_2.ttx src/Volkhov-Italic-OTF.otf.GlyphOrder.ttx src/Volkhov-Italic-OTF.otf._p_o_s_t.ttx src/Volkhov-Italic-OTF.otf._h_e_a_d.ttx src/Volkhov-Regular-OTF.otf._h_e_a_d.ttx src/Volkhov-Regular-OTF.otf._k_e_r_n.ttx src/Volkhov-Regular-OTF.otf.C_F_F_.ttx src/Volkhov-Regular-OTF.otf._n_a_m_e.ttx src/Volkhov-Regular-OTF.otf.GlyphOrder.ttx src/Volkhov-Regular-OTF.otf._c_m_a_p.ttx src/Volkhov-Regular-OTF.otf._h_m_t_x.ttx src/Volkhov-Regular-OTF.otf.G_P_O_S_.ttx src/Volkhov-Regular-OTF.otf.O_S_2f_2.ttx src/Volkhov-Regular-OTF.otf._m_a_x_p.ttx src/Volkhov-Regular-OTF.otf._h_h_e_a.ttx src/Volkhov-Regular-OTF.otf._p_o_s_t.ttx /home/travis/build/fontdirectory/volkhov/builds/build/sources
### (2 of 6) pyfontaine
### (3 of 6) Run upstream tests
$ fontbakery-check.py upstream-repo sources
$ fontaine --collections subsets --text /home/travis/build/fontdirectory/volkhov/builds/build/sources/Volkhov-Bold-OTF.otf.ttx /home/travis/build/fontdirectory/volkhov/builds/build/sources/Volkhov-BoldItalic-OTF.otf.ttx /home/travis/build/fontdirectory/volkhov/builds/build/sources/Volkhov-Regular.ttf.ttx /home/travis/build/fontdirectory/volkhov/builds/build/sources/Volkhov-Italic-OTF.otf.ttx /home/travis/build/fontdirectory/volkhov/builds/build/sources/Volkhov-Bold.ttf.ttx /home/travis/build/fontdirectory/volkhov/builds/build/sources/Volkhov-Italic.ttf.ttx /home/travis/build/fontdirectory/volkhov/builds/build/sources/Volkhov-BoldItalic.ttf.ttx /home/travis/build/fontdirectory/volkhov/builds/build/sources/Volkhov-Regular-OTF.otf.ttx /home/travis/build/fontdirectory/volkhov/builds/build/sources/Volkhov-Italic-TTF.sfd /home/travis/build/fontdirectory/volkhov/builds/build/sources/Volkhov-BoldItalic-TTF.sfd > fontaine.txt
WARNING: Please install [PyICU](https://pypi.python.org/pypi/PyICU) toenable [feature], perhaps with: pip install pyicu
bakery_lint.tests.upstream.test_prepolation.FontTestPrepolation.test_font_prepolation_glyph_contours(): OK
pyfontaine error: Not a TrueType or OpenType font (bad sfntVersion)
pyfontaine process has been failed
bakery_lint.tests.upstream.test_prepolation.FontTestPrepolation.test_font_prepolation_glyph_points(): OK
bakery_lint.tests.upstream.test_prepolation.FontTestPrepolation.test_font_test_prepolation_glyph_names(): OK
bakery_lint.tests.upstream.test_check_upstream_sources.ProjectUpstreamTestCase.test_bakery_yaml_exists(): OK
bakery_lint.tests.upstream.test_check_upstream_sources.ProjectUpstreamTestCase.test_copyright_notices_same_across_family(): OK
bakery_lint.tests.upstream.test_check_upstream_sources.ProjectUpstreamTestCase.test_description_html_exists(): OK
bakery_lint.tests.upstream.test_check_upstream_sources.ProjectUpstreamTestCase.test_fontlog_txt_exists(): OK
bakery_lint.tests.upstream.test_check_upstream_sources.ProjectUpstreamTestCase.test_metadata_json_exists(): OK
bakery_lint.tests.upstream.test_diacritic.TestDiacritic.test_diacritic_made_as_component(): OK
bakery_lint.tests.upstream.test_diacritic.TestDiacritic.test_diacritic_made_as_mark_to_mark(): OK
bakery_lint.tests.upstream.test_diacritic.TestDiacritic.test_diacritic_made_as_own_glyphs(): OK
$ fontbakery-check.py upstream-ttx Volkhov-Bold-OTF.otf.ttx
bakery_lint.tests.upstream.test_font_filename_eq_familystyle.TestTTFSourceFontFileNameEqualsFamilyStyle.test_source_ttf_font_filename_equals_familystyle(): FAIL
$ mv /home/travis/build/fontdirectory/volkhov/builds/build/sources/Volkhov-Bold-OTF.otf.ttx /home/travis/build/fontdirectory/volkhov/builds/build/sources/Volkhov-Bold.ttx
bakery_lint.tests.upstream.test_font_filename_eq_familystyle.TestTTFSourceFontFileNameEqualsFamilyStyle.test_source_ttf_font_filename_equals_familystyle(): OK
bakery_lint.tests.upstream.test_check_ttx_requirements.SourceTTXTest.test_epar_in_keys(): FAIL
bakery_lint.tests.upstream.test_check_ttx_requirements.SourceTTXTest.test_os2_in_keys(): OK
bakery_lint.tests.upstream.test_check_ttx_requirements.SourceTTXTest.test_ttx_doesnt_contain_duplicate_glyphs(): OK
bakery_lint.tests.upstream.test_check_ttx_fontfamily_recommendations.TTX_FontFamilyNamingTest.test_ttx_family_naming_recommendation(): OK
bakery_lint.tests.upstream.test_glyphname_does_not_contain_disallowed_chars.TestGlyphNameDoesNotContainsDisallowedChars.test_glyphname_does_not_contain_disallowed_chars(): FAIL
$ fontbakery-check.py upstream-ttx Volkhov-BoldItalic-OTF.otf.ttx
bakery_lint.tests.upstream.test_font_filename_eq_familystyle.TestTTFSourceFontFileNameEqualsFamilyStyle.test_source_ttf_font_filename_equals_familystyle(): FAIL
$ mv /home/travis/build/fontdirectory/volkhov/builds/build/sources/Volkhov-BoldItalic-OTF.otf.ttx /home/travis/build/fontdirectory/volkhov/builds/build/sources/Volkhov-BoldItalic.ttx
bakery_lint.tests.upstream.test_font_filename_eq_familystyle.TestTTFSourceFontFileNameEqualsFamilyStyle.test_source_ttf_font_filename_equals_familystyle(): OK
bakery_lint.tests.upstream.test_check_ttx_requirements.SourceTTXTest.test_epar_in_keys(): FAIL
bakery_lint.tests.upstream.test_check_ttx_requirements.SourceTTXTest.test_os2_in_keys(): OK
bakery_lint.tests.upstream.test_check_ttx_requirements.SourceTTXTest.test_ttx_doesnt_contain_duplicate_glyphs(): OK
bakery_lint.tests.upstream.test_check_ttx_fontfamily_recommendations.TTX_FontFamilyNamingTest.test_ttx_family_naming_recommendation(): OK
bakery_lint.tests.upstream.test_glyphname_does_not_contain_disallowed_chars.TestGlyphNameDoesNotContainsDisallowedChars.test_glyphname_does_not_contain_disallowed_chars(): FAIL
$ fontbakery-check.py upstream-ttx Volkhov-Regular.ttf.ttx
bakery_lint.tests.upstream.test_font_filename_eq_familystyle.TestTTFSourceFontFileNameEqualsFamilyStyle.test_source_ttf_font_filename_equals_familystyle(): FAIL
$ mv /home/travis/build/fontdirectory/volkhov/builds/build/sources/Volkhov-Regular.ttf.ttx /home/travis/build/fontdirectory/volkhov/builds/build/sources/Volkhov-Regular.ttx
bakery_lint.tests.upstream.test_font_filename_eq_familystyle.TestTTFSourceFontFileNameEqualsFamilyStyle.test_source_ttf_font_filename_equals_familystyle(): OK
bakery_lint.tests.upstream.test_check_ttx_requirements.SourceTTXTest.test_epar_in_keys(): FAIL
bakery_lint.tests.upstream.test_check_ttx_requirements.SourceTTXTest.test_os2_in_keys(): OK
bakery_lint.tests.upstream.test_check_ttx_requirements.SourceTTXTest.test_ttx_doesnt_contain_duplicate_glyphs(): OK
bakery_lint.tests.upstream.test_check_ttx_fontfamily_recommendations.TTX_FontFamilyNamingTest.test_ttx_family_naming_recommendation(): OK
bakery_lint.tests.upstream.test_glyphname_does_not_contain_disallowed_chars.TestGlyphNameDoesNotContainsDisallowedChars.test_glyphname_does_not_contain_disallowed_chars(): FAIL
$ fontbakery-check.py upstream-ttx Volkhov-Italic-OTF.otf.ttx
bakery_lint.tests.upstream.test_font_filename_eq_familystyle.TestTTFSourceFontFileNameEqualsFamilyStyle.test_source_ttf_font_filename_equals_familystyle(): FAIL
$ mv /home/travis/build/fontdirectory/volkhov/builds/build/sources/Volkhov-Italic-OTF.otf.ttx /home/travis/build/fontdirectory/volkhov/builds/build/sources/Volkhov-Regular.ttx
bakery_lint.tests.upstream.test_font_filename_eq_familystyle.TestTTFSourceFontFileNameEqualsFamilyStyle.test_source_ttf_font_filename_equals_familystyle(): OK
bakery_lint.tests.upstream.test_check_ttx_requirements.SourceTTXTest.test_epar_in_keys(): FAIL
bakery_lint.tests.upstream.test_check_ttx_requirements.SourceTTXTest.test_os2_in_keys(): OK
bakery_lint.tests.upstream.test_check_ttx_requirements.SourceTTXTest.test_ttx_doesnt_contain_duplicate_glyphs(): OK
bakery_lint.tests.upstream.test_check_ttx_fontfamily_recommendations.TTX_FontFamilyNamingTest.test_ttx_family_naming_recommendation(): OK
bakery_lint.tests.upstream.test_glyphname_does_not_contain_disallowed_chars.TestGlyphNameDoesNotContainsDisallowedChars.test_glyphname_does_not_contain_disallowed_chars(): FAIL
$ fontbakery-check.py upstream-ttx Volkhov-Bold.ttf.ttx
bakery_lint.tests.upstream.test_font_filename_eq_familystyle.TestTTFSourceFontFileNameEqualsFamilyStyle.test_source_ttf_font_filename_equals_familystyle(): FAIL
$ mv /home/travis/build/fontdirectory/volkhov/builds/build/sources/Volkhov-Bold.ttf.ttx /home/travis/build/fontdirectory/volkhov/builds/build/sources/Volkhov-Bold.ttx
bakery_lint.tests.upstream.test_font_filename_eq_familystyle.TestTTFSourceFontFileNameEqualsFamilyStyle.test_source_ttf_font_filename_equals_familystyle(): OK
bakery_lint.tests.upstream.test_check_ttx_requirements.SourceTTXTest.test_epar_in_keys(): FAIL
bakery_lint.tests.upstream.test_check_ttx_requirements.SourceTTXTest.test_os2_in_keys(): OK
bakery_lint.tests.upstream.test_check_ttx_requirements.SourceTTXTest.test_ttx_doesnt_contain_duplicate_glyphs(): OK
bakery_lint.tests.upstream.test_check_ttx_fontfamily_recommendations.TTX_FontFamilyNamingTest.test_ttx_family_naming_recommendation(): OK
bakery_lint.tests.upstream.test_glyphname_does_not_contain_disallowed_chars.TestGlyphNameDoesNotContainsDisallowedChars.test_glyphname_does_not_contain_disallowed_chars(): FAIL
$ fontbakery-check.py upstream-ttx Volkhov-Italic.ttf.ttx
bakery_lint.tests.upstream.test_font_filename_eq_familystyle.TestTTFSourceFontFileNameEqualsFamilyStyle.test_source_ttf_font_filename_equals_familystyle(): FAIL
$ mv /home/travis/build/fontdirectory/volkhov/builds/build/sources/Volkhov-Italic.ttf.ttx /home/travis/build/fontdirectory/volkhov/builds/build/sources/Volkhov-Italic.ttx
bakery_lint.tests.upstream.test_font_filename_eq_familystyle.TestTTFSourceFontFileNameEqualsFamilyStyle.test_source_ttf_font_filename_equals_familystyle(): OK
bakery_lint.tests.upstream.test_check_ttx_requirements.SourceTTXTest.test_epar_in_keys(): FAIL
bakery_lint.tests.upstream.test_check_ttx_requirements.SourceTTXTest.test_os2_in_keys(): OK
bakery_lint.tests.upstream.test_check_ttx_requirements.SourceTTXTest.test_ttx_doesnt_contain_duplicate_glyphs(): OK
bakery_lint.tests.upstream.test_check_ttx_fontfamily_recommendations.TTX_FontFamilyNamingTest.test_ttx_family_naming_recommendation(): OK
bakery_lint.tests.upstream.test_glyphname_does_not_contain_disallowed_chars.TestGlyphNameDoesNotContainsDisallowedChars.test_glyphname_does_not_contain_disallowed_chars(): FAIL
$ fontbakery-check.py upstream-ttx Volkhov-BoldItalic.ttf.ttx
bakery_lint.tests.upstream.test_font_filename_eq_familystyle.TestTTFSourceFontFileNameEqualsFamilyStyle.test_source_ttf_font_filename_equals_familystyle(): FAIL
$ mv /home/travis/build/fontdirectory/volkhov/builds/build/sources/Volkhov-BoldItalic.ttf.ttx /home/travis/build/fontdirectory/volkhov/builds/build/sources/Volkhov-BoldItalic.ttx
bakery_lint.tests.upstream.test_font_filename_eq_familystyle.TestTTFSourceFontFileNameEqualsFamilyStyle.test_source_ttf_font_filename_equals_familystyle(): OK
bakery_lint.tests.upstream.test_check_ttx_requirements.SourceTTXTest.test_epar_in_keys(): FAIL
bakery_lint.tests.upstream.test_check_ttx_requirements.SourceTTXTest.test_os2_in_keys(): OK
bakery_lint.tests.upstream.test_check_ttx_requirements.SourceTTXTest.test_ttx_doesnt_contain_duplicate_glyphs(): OK
bakery_lint.tests.upstream.test_check_ttx_fontfamily_recommendations.TTX_FontFamilyNamingTest.test_ttx_family_naming_recommendation(): OK
bakery_lint.tests.upstream.test_glyphname_does_not_contain_disallowed_chars.TestGlyphNameDoesNotContainsDisallowedChars.test_glyphname_does_not_contain_disallowed_chars(): FAIL
$ fontbakery-check.py upstream-ttx Volkhov-Regular-OTF.otf.ttx
bakery_lint.tests.upstream.test_font_filename_eq_familystyle.TestTTFSourceFontFileNameEqualsFamilyStyle.test_source_ttf_font_filename_equals_familystyle(): FAIL
$ mv /home/travis/build/fontdirectory/volkhov/builds/build/sources/Volkhov-Regular-OTF.otf.ttx /home/travis/build/fontdirectory/volkhov/builds/build/sources/Volkhov-Regular.ttx
bakery_lint.tests.upstream.test_font_filename_eq_familystyle.TestTTFSourceFontFileNameEqualsFamilyStyle.test_source_ttf_font_filename_equals_familystyle(): OK
bakery_lint.tests.upstream.test_check_ttx_requirements.SourceTTXTest.test_epar_in_keys(): FAIL
bakery_lint.tests.upstream.test_check_ttx_requirements.SourceTTXTest.test_os2_in_keys(): OK
bakery_lint.tests.upstream.test_check_ttx_requirements.SourceTTXTest.test_ttx_doesnt_contain_duplicate_glyphs(): OK
bakery_lint.tests.upstream.test_check_ttx_fontfamily_recommendations.TTX_FontFamilyNamingTest.test_ttx_family_naming_recommendation(): OK
bakery_lint.tests.upstream.test_glyphname_does_not_contain_disallowed_chars.TestGlyphNameDoesNotContainsDisallowedChars.test_glyphname_does_not_contain_disallowed_chars(): FAIL
$ fontbakery-check.py upstream Volkhov-Italic-TTF.sfd
bakery_lint.tests.upstream.test_check_ufo_requirements.UfoOpenTest.test_has_rupee(): ERROR
bakery_lint.tests.upstream.test_check_ufo_requirements.UfoOpenTest.test_is_A(): ERROR
bakery_lint.tests.upstream.test_check_ufo_requirements.UfoOpenTest.test_is_A_a_glyph_instance(): ERROR
bakery_lint.tests.upstream.test_check_ufo_requirements.UfoOpenTest.test_is_ended_ufo(): ERROR
bakery_lint.tests.upstream.test_check_ufo_requirements.UfoOpenTest.test_is_folder(): ERROR
bakery_lint.tests.upstream.test_check_ufo_requirements.UfoOpenTest.test_is_fsType_eq_1(): ERROR
bakery_lint.tests.upstream.test_check_ufo_requirements.UfoOpenTest.test_it_exists(): ERROR
bakery_lint.tests.upstream.test_unicode_value_should_appear_only_once_per_font.UnicodeValueShouldAppearOnlyOnce.testUnicodeValue(): ERROR
bakery_lint.tests.upstream.test_font_filename_eq_familystyle.TestTTFSourceFontFileNameEqualsFamilyStyle.test_source_ttf_font_filename_equals_familystyle(): ERROR
bakery_lint.tests.upstream.test_contour_count.TestContourCount.test_contour_count(): ERROR
bakery_lint.tests.upstream.test_check_ufo_fontfamily_recommendations.TestUFOFontFamilyNamingTest.test_familyname_less_than_32_chars(): OK
bakery_lint.tests.upstream.test_check_ufo_fontfamily_recommendations.TestUFOFontFamilyNamingTest.test_fullfontname_less_than_64_chars(): OK
bakery_lint.tests.upstream.test_check_ufo_fontfamily_recommendations.TestUFOFontFamilyNamingTest.test_postscriptname_consistof_allowed_chars(): OK
bakery_lint.tests.upstream.test_check_ufo_fontfamily_recommendations.TestUFOFontFamilyNamingTest.test_postscriptname_less_than_30_chars(): OK
bakery_lint.tests.upstream.test_check_ufo_fontfamily_recommendations.TestUFOFontFamilyNamingTest.test_stylename_less_than_32_chars(): OK
bakery_lint.tests.upstream.test_check_ufo_fontfamily_recommendations.TestUFOFontFamilyNamingTest.test_weight_value_range_between_250_and_900(): OK
$ fontbakery-check.py upstream Volkhov-BoldItalic-TTF.sfd
bakery_lint.tests.upstream.test_check_ufo_requirements.UfoOpenTest.test_has_rupee(): ERROR
bakery_lint.tests.upstream.test_check_ufo_requirements.UfoOpenTest.test_is_A(): ERROR
bakery_lint.tests.upstream.test_check_ufo_requirements.UfoOpenTest.test_is_A_a_glyph_instance(): ERROR
bakery_lint.tests.upstream.test_check_ufo_requirements.UfoOpenTest.test_is_ended_ufo(): ERROR
bakery_lint.tests.upstream.test_check_ufo_requirements.UfoOpenTest.test_is_folder(): ERROR
bakery_lint.tests.upstream.test_check_ufo_requirements.UfoOpenTest.test_is_fsType_eq_1(): ERROR
bakery_lint.tests.upstream.test_check_ufo_requirements.UfoOpenTest.test_it_exists(): ERROR
bakery_lint.tests.upstream.test_unicode_value_should_appear_only_once_per_font.UnicodeValueShouldAppearOnlyOnce.testUnicodeValue(): ERROR
bakery_lint.tests.upstream.test_font_filename_eq_familystyle.TestTTFSourceFontFileNameEqualsFamilyStyle.test_source_ttf_font_filename_equals_familystyle(): ERROR
bakery_lint.tests.upstream.test_contour_count.TestContourCount.test_contour_count(): ERROR
bakery_lint.tests.upstream.test_check_ufo_fontfamily_recommendations.TestUFOFontFamilyNamingTest.test_familyname_less_than_32_chars(): OK
bakery_lint.tests.upstream.test_check_ufo_fontfamily_recommendations.TestUFOFontFamilyNamingTest.test_fullfontname_less_than_64_chars(): OK
bakery_lint.tests.upstream.test_check_ufo_fontfamily_recommendations.TestUFOFontFamilyNamingTest.test_postscriptname_consistof_allowed_chars(): OK
bakery_lint.tests.upstream.test_check_ufo_fontfamily_recommendations.TestUFOFontFamilyNamingTest.test_postscriptname_less_than_30_chars(): OK
bakery_lint.tests.upstream.test_check_ufo_fontfamily_recommendations.TestUFOFontFamilyNamingTest.test_stylename_less_than_32_chars(): OK
bakery_lint.tests.upstream.test_check_ufo_fontfamily_recommendations.TestUFOFontFamilyNamingTest.test_weight_value_range_between_250_and_900(): OK
### (4 of 6) Convert sources to TTF
$ ttx -d /home/travis/build/fontdirectory/volkhov/builds/build /home/travis/build/fontdirectory/volkhov/builds/build/sources/Volkhov-Italic.ttx /home/travis/build/fontdirectory/volkhov/builds/build/sources/Volkhov-Bold.ttx /home/travis/build/fontdirectory/volkhov/builds/build/sources/Volkhov-BoldItalic.ttx /home/travis/build/fontdirectory/volkhov/builds/build/sources/Volkhov-Regular.ttx
strippedname:/home/travis/build/fontdirectory/volkhov/builds/build/sources/Volkhov-Italic-TTF.sfd
strippedname:/home/travis/build/fontdirectory/volkhov/builds/build/sources/Volkhov-BoldItalic-TTF.sfd
Compiling "/home/travis/build/fontdirectory/volkhov/builds/build/sources/Volkhov-Italic.ttx" to "/home/travis/build/fontdirectory/volkhov/builds/build/Volkhov-Italic.ttf"...
Parsing 'GlyphOrder' table...
Parsing 'head' table...
Parsing 'hhea' table...
Parsing 'maxp' table...
Parsing 'OS/2' table...
Parsing 'hmtx' table...
Parsing 'LTSH' table...
Parsing 'VDMX' table...
Parsing 'hdmx' table...
Parsing 'cmap' table...
Parsing 'fpgm' table...
Parsing 'prep' table...
Parsing 'cvt ' table...
Parsing 'loca' table...
Parsing 'glyf' table...
Parsing 'kern' table...
Parsing 'name' table...
Parsing 'post' table...
Parsing 'gasp' table...
Parsing 'GPOS' table...
Compiling "/home/travis/build/fontdirectory/volkhov/builds/build/sources/Volkhov-Bold.ttx" to "/home/travis/build/fontdirectory/volkhov/builds/build/Volkhov-Bold.ttf"...
Parsing 'GlyphOrder' table...
Parsing 'head' table...
Parsing 'hhea' table...
Parsing 'maxp' table...
Parsing 'OS/2' table...
Parsing 'hmtx' table...
Parsing 'LTSH' table...
Parsing 'VDMX' table...
Parsing 'hdmx' table...
Parsing 'cmap' table...
Parsing 'fpgm' table...
Parsing 'prep' table...
Parsing 'cvt ' table...
Parsing 'loca' table...
Parsing 'glyf' table...
Parsing 'kern' table...
Parsing 'name' table...
Parsing 'post' table...
Parsing 'gasp' table...
Parsing 'GPOS' table...
Compiling "/home/travis/build/fontdirectory/volkhov/builds/build/sources/Volkhov-BoldItalic.ttx" to "/home/travis/build/fontdirectory/volkhov/builds/build/Volkhov-BoldItalic.ttf"...
Parsing 'GlyphOrder' table...
Parsing 'head' table...
Parsing 'hhea' table...
Parsing 'maxp' table...
Parsing 'OS/2' table...
Parsing 'hmtx' table...
Parsing 'LTSH' table...
Parsing 'VDMX' table...
Parsing 'hdmx' table...
Parsing 'cmap' table...
Parsing 'fpgm' table...
Parsing 'prep' table...
Parsing 'cvt ' table...
Parsing 'loca' table...
Parsing 'glyf' table...
Parsing 'kern' table...
Parsing 'name' table...
Parsing 'post' table...
Parsing 'gasp' table...
Parsing 'GPOS' table...
Compiling "/home/travis/build/fontdirectory/volkhov/builds/build/sources/Volkhov-Regular.ttx" to "/home/travis/build/fontdirectory/volkhov/builds/build/Volkhov-Regular.otf"...
Parsing 'GlyphOrder' table...
Parsing 'head' table...
Parsing 'hhea' table...
Parsing 'maxp' table...
Parsing 'OS/2' table...
Parsing 'name' table...
Parsing 'cmap' table...
Parsing 'post' table...
Parsing 'CFF ' table...
Parsing 'GPOS' table...
Parsing 'hmtx' table...
Parsing 'kern' table...
### Test Volkhov-Italic.ttf
$ fontbakery-check.py result Volkhov-Italic.ttf
bakery_lint.tests.downstream.test_check_italic_angle_agreement.CheckItalicAngleAgreement.test_check_italic_angle_agreement(): OK
bakery_lint.tests.downstream.test_check_upm_heights_less_120.TestCheckUPMHeightsLess120.test_check_upm_heigths_less_120(): FAIL
bakery_lint.tests.downstream.test_check_font_tables.CheckFontHasDsigTable.test_check_font_has_dsig_table(): FAIL
$ fontbakery-fix-dsig.py /home/travis/build/fontdirectory/volkhov/builds/build/Volkhov-Italic.ttf
$ mv /home/travis/build/fontdirectory/volkhov/builds/build/Volkhov-Italic.ttf.fix /home/travis/build/fontdirectory/volkhov/builds/build/Volkhov-Italic.ttf
bakery_lint.tests.downstream.test_check_font_tables.CheckFontHasDsigTable.test_check_font_has_dsig_table(): OK
bakery_lint.tests.downstream.test_check_font_tables.CheckFontHasNotKernTable.test_no_kern_table_exists(): OK
bakery_lint.tests.downstream.test_check_name_table_recommendation.CheckStyleNameRecommendation.test_check_stylename_is_under_recommendations(): OK
bakery_lint.tests.downstream.test_check_name_table_recommendation.CheckOTFamilyNameRecommendation.test_check_opentype_familyname(): FAIL
$ fontbakery-fix-opentype-names.py /home/travis/build/fontdirectory/volkhov/builds/build/Volkhov-Italic.ttf
$ mv /home/travis/build/fontdirectory/volkhov/builds/build/Volkhov-Italic.ttf.fix /home/travis/build/fontdirectory/volkhov/builds/build/Volkhov-Italic.ttf
bakery_lint.tests.downstream.test_check_name_table_recommendation.CheckOTFamilyNameRecommendation.test_check_opentype_familyname(): OK
bakery_lint.tests.downstream.test_check_name_table_recommendation.CheckOTStyleNameRecommendation.test_check_opentype_stylename(): FAIL
$ fontbakery-fix-opentype-names.py /home/travis/build/fontdirectory/volkhov/builds/build/Volkhov-Italic.ttf
$ mv /home/travis/build/fontdirectory/volkhov/builds/build/Volkhov-Italic.ttf.fix /home/travis/build/fontdirectory/volkhov/builds/build/Volkhov-Italic.ttf
bakery_lint.tests.downstream.test_check_name_table_recommendation.CheckOTStyleNameRecommendation.test_check_opentype_stylename(): FAIL
bakery_lint.tests.downstream.test_check_name_table_recommendation.CheckOTFullNameRecommendation.test_check_opentype_fullname(): OK
bakery_lint.tests.downstream.test_check_nbsp_width_matches_sp_width.CheckNbspWidthMatchesSpWidth.test_check_nbsp_width_matches_sp_width(): FAIL
$ fontbakery-fix-nbsp.py /home/travis/build/fontdirectory/volkhov/builds/build/Volkhov-Italic.ttf
$ mv /home/travis/build/fontdirectory/volkhov/builds/build/Volkhov-Italic.ttf.fix /home/travis/build/fontdirectory/volkhov/builds/build/Volkhov-Italic.ttf
bakery_lint.tests.downstream.test_check_nbsp_width_matches_sp_width.CheckNbspWidthMatchesSpWidth.test_check_nbsp_width_matches_sp_width(): FAIL
bakery_lint.tests.downstream.test_check_names_same_across_platforms.CheckNamesSameAcrossPlatforms.test_check_names_same_across_platforms(): OK
bakery_lint.tests.downstream.test_check_panose_identification.CheckPanoseIdentification.test_check_panose_identification(): OK
bakery_lint.tests.downstream.test_check_license_included.CheckLicenseIncluded.test_license_included_in_font_names(): OK
bakery_lint.tests.downstream.test_check_full_font_name_begins_with_family_name.CheckFullFontNameBeginsWithFamilyName.test_check_full_font_name_begins_with_family_name(): OK
bakery_lint.tests.downstream.test_check_unused_glyph_data.CheckUnusedGlyphData.test_check_unused_glyph_data(): ERROR
bakery_lint.tests.downstream.test_gasp_table_value.CheckGaspTableType.test_check_gasp_table_type(): FAIL
$ fontbakery-fix-gasp.py --set=15 /home/travis/build/fontdirectory/volkhov/builds/build/Volkhov-Italic.ttf
$ mv /home/travis/build/fontdirectory/volkhov/builds/build/Volkhov-Italic.ttf.fix /home/travis/build/fontdirectory/volkhov/builds/build/Volkhov-Italic.ttf
bakery_lint.tests.downstream.test_gasp_table_value.CheckGaspTableType.test_check_gasp_table_type(): OK
$ fontbakery-fix-gasp.py --set=15 /home/travis/build/fontdirectory/volkhov/builds/build/Volkhov-Italic.ttf
$ mv /home/travis/build/fontdirectory/volkhov/builds/build/Volkhov-Italic.ttf.fix /home/travis/build/fontdirectory/volkhov/builds/build/Volkhov-Italic.ttf
bakery_lint.tests.downstream.test_check_hmtx_hhea_max_advance_width_agreement.CheckHmtxHheaMaxAdvanceWidthAgreement.test_check_hmtx_hhea_max_advance_width_agreement(): OK
bakery_lint.tests.downstream.test_check_font_agreements.CheckFsTypeIsNotSet.test_is_fstype_not_set(): OK
$ fontbakery-fix-fstype.py --autofix /home/travis/build/fontdirectory/volkhov/builds/build/Volkhov-Italic.ttf
$ mv /home/travis/build/fontdirectory/volkhov/builds/build/Volkhov-Italic.ttf.fix /home/travis/build/fontdirectory/volkhov/builds/build/Volkhov-Italic.ttf
bakery_lint.tests.downstream.test_check_font_agreements.CheckFontAgreements.test_em_is_1000(): OK
bakery_lint.tests.downstream.test_check_font_agreements.CheckFontAgreements.test_font_is_font(): OK
bakery_lint.tests.downstream.test_check_font_agreements.CheckFontAgreements.test_latin_file_exists(): FAIL
bakery_lint.tests.downstream.test_check_font_agreements.CheckFontAgreements.test_menu_file_exists(): FAIL
bakery_lint.tests.downstream.test_check_magic_prep_code.CheckMagicPREPByteCode.test_prep_magic_code(): FAIL
bakery_lint.tests.downstream.test_check_unencoded_glyph.TestFontUnencodedGlyph.test_font_unencoded_glyphs(): FAIL
$ fontbakery-fix-glyph-private-encoding.py --autofix /home/travis/build/fontdirectory/volkhov/builds/build/Volkhov-Italic.ttf
$ mv /home/travis/build/fontdirectory/volkhov/builds/build/Volkhov-Italic.ttf.fix /home/travis/build/fontdirectory/volkhov/builds/build/Volkhov-Italic.ttf
bakery_lint.tests.downstream.test_check_unencoded_glyph.TestFontUnencodedGlyph.test_font_unencoded_glyphs(): FAIL
bakery_lint.tests.downstream.test_check_glyph_existence.CheckGlyphExistence.test_euro(): OK
bakery_lint.tests.downstream.test_check_glyph_existence.CheckGlyphExistence.test_nbsp(): OK
bakery_lint.tests.downstream.test_check_glyph_existence.CheckGlyphExistence.test_space(): OK
bakery_lint.tests.downstream.test_check_vertical_metrics.CheckVerticalLinegapMetrics.test_metrics_linegaps_are_zero(): OK
bakery_lint.tests.downstream.test_check_vertical_metrics.CheckVerticalAscentMetrics.test_metrics_ascents_equal_bbox(): OK
bakery_lint.tests.downstream.test_check_vertical_metrics.CheckVerticalDescentMetrics.test_metrics_descents_equal_bbox(): OK
bakery_lint.tests.downstream.test_names_are_ascii_only.CheckNamesAreASCIIOnly.test_check_names_are_ascii_only(): OK
bakery_lint.tests.downstream.test_check_glyf_table_length.CheckGlyfTableLength.test_check_glyf_table_length(): FAIL
bakery_lint.tests.downstream.test_check_os2_width_class.CheckOS2WidthClass.test_check_os2_width_class(): OK
bakery_lint.tests.downstream.test_check_no_problematic_formats.CheckNoProblematicFormats.test_check_no_problematic_formats(): OK
bakery_lint.tests.downstream.test_check_fontname_matches_macstyle.CheckFontNameEqualToMacStyleFlags.test_fontname_is_equal_to_macstyle(): FAIL
bakery_lint.tests.downstream.test_gpos_table_has_kerning_info.CheckGposTableHasKerningInfo.test_gpos_table_has_kerning_info(): OK
The following table(s) in the font have been ignored by FontForge
  Ignoring 'DSIG' digital signature table
  Ignoring 'LTSH' linear threshold table
  Ignoring 'VDMX' vertical device metrics table
  Ignoring 'hdmx' horizontal device metrics table
This font contains both a 'kern' table and a 'GPOS' table.
  The 'kern' table will only be read if there is no 'kern' feature in 'GPOS'.
bakery_lint.tests.downstream.test_fontforge_validation_state.FontForgeValidateStateTest.test_allowed_numbers_paths_in_composite_glyphs(): OK
bakery_lint.tests.downstream.test_fontforge_validation_state.FontForgeValidateStateTest.test_allowed_numbers_paths_in_glyphs(): OK
bakery_lint.tests.downstream.test_fontforge_validation_state.FontForgeValidateStateTest.test_allowed_numbers_points_in_composite_glyphs(): OK
bakery_lint.tests.downstream.test_fontforge_validation_state.FontForgeValidateStateTest.test_allowed_numbers_points_in_glyphs(): OK
bakery_lint.tests.downstream.test_fontforge_validation_state.FontForgeValidateStateTest.test_duplicate_glyphs(): OK
bakery_lint.tests.downstream.test_fontforge_validation_state.FontForgeValidateStateTest.test_duplicate_unicode_codepoints(): OK
bakery_lint.tests.downstream.test_fontforge_validation_state.FontForgeValidateStateTest.test_flipped_reference_in_glyphs(): OK
bakery_lint.tests.downstream.test_fontforge_validation_state.FontForgeValidateStateTest.test_missing_anchors(): OK
bakery_lint.tests.downstream.test_fontforge_validation_state.FontForgeValidateStateTest.test_missing_extrema_in_glyphs(): FAIL
bakery_lint.tests.downstream.test_fontforge_validation_state.FontForgeValidateStateTest.test_overlapped_hints(): OK
bakery_lint.tests.downstream.test_fontforge_validation_state.FontForgeValidateStateTest.test_points_are_integer_aligned(): OK
bakery_lint.tests.downstream.test_fontforge_validation_state.FontForgeValidateStateTest.test_points_are_not_too_far_apart(): OK
bakery_lint.tests.downstream.test_fontforge_validation_state.FontForgeValidateStateTest.test_postscript_hasnt_limit_hints_in_glyphs(): OK
bakery_lint.tests.downstream.test_fontforge_validation_state.FontForgeValidateStateTest.test_postscript_hasnt_limit_points_in_glyphs(): OK
bakery_lint.tests.downstream.test_fontforge_validation_state.FontForgeValidateStateTest.test_referenced_glyphs_are_present(): OK
bakery_lint.tests.downstream.test_fontforge_validation_state.FontForgeValidateStateTest.test_valid_glyph_names(): OK
bakery_lint.tests.downstream.test_fontforge_validation_state.FontForgeValidateStateTest.test_valid_length_instructions(): OK
bakery_lint.tests.downstream.test_fontforge_validation_state.FontForgeValidateStateTest.test_validation_glyph_intersect(): OK
bakery_lint.tests.downstream.test_fontforge_validation_state.FontForgeValidateStateTest.test_validation_open_contours(): OK
bakery_lint.tests.downstream.test_fontforge_validation_state.FontForgeValidateStateTest.test_wrong_direction_in_glyphs(): OK
### Optimize TTF Volkhov-Italic.ttf
$ ls -l 'Volkhov-Italic.ttf'* # look at the size savings of that subset process
Volkhov-Italic.ttf.opt: 63328 bytes
Volkhov-Italic.ttf: 101412 bytes
$ mv /home/travis/build/fontdirectory/volkhov/builds/build/Volkhov-Italic.ttf.opt /home/travis/build/fontdirectory/volkhov/builds/build/Volkhov-Italic.ttf
### Autohint TTFs (ttfautohint) Volkhov-Italic.ttf
$ ttfautohint -l 7 -r 28 -G 50 -x 13 -w "G" /home/travis/build/fontdirectory/volkhov/builds/build/Volkhov-Italic.ttf '/home/travis/build/fontdirectory/volkhov/builds/build/Volkhov-Italic.autohint.ttf'

$ ls -l /home/travis/build/fontdirectory/volkhov/builds/build/Volkhov-Italic.*ttf # look at the size savings of that subset process
/home/travis/build/fontdirectory/volkhov/builds/build/Volkhov-Italic.ttf: 63328 bytes
/home/travis/build/fontdirectory/volkhov/builds/build/Volkhov-Italic.autohint.ttf: 45852 bytes
$ mv /home/travis/build/fontdirectory/volkhov/builds/build/Volkhov-Italic.autohint.ttf /home/travis/build/fontdirectory/volkhov/builds/build/Volkhov-Italic.ttf
### Subset TTFs (pyftsubset) Volkhov-Italic.ttf
$ pyftsubset Volkhov-Italic.latin
$ pyftsubset Volkhov-Italic.menu
spaceWidth is    241
nbspWidth is     241
Nothing to do
strippedname:/home/travis/build/fontdirectory/volkhov/builds/build/Volkhov-Italic.ttf
### Test Volkhov-Bold.ttf
$ fontbakery-check.py result Volkhov-Bold.ttf
bakery_lint.tests.downstream.test_check_italic_angle_agreement.CheckItalicAngleAgreement.test_check_italic_angle_agreement(): OK
bakery_lint.tests.downstream.test_check_upm_heights_less_120.TestCheckUPMHeightsLess120.test_check_upm_heigths_less_120(): FAIL
bakery_lint.tests.downstream.test_check_font_tables.CheckFontHasDsigTable.test_check_font_has_dsig_table(): FAIL
$ fontbakery-fix-dsig.py /home/travis/build/fontdirectory/volkhov/builds/build/Volkhov-Bold.ttf
$ mv /home/travis/build/fontdirectory/volkhov/builds/build/Volkhov-Bold.ttf.fix /home/travis/build/fontdirectory/volkhov/builds/build/Volkhov-Bold.ttf
bakery_lint.tests.downstream.test_check_font_tables.CheckFontHasDsigTable.test_check_font_has_dsig_table(): OK
bakery_lint.tests.downstream.test_check_font_tables.CheckFontHasNotKernTable.test_no_kern_table_exists(): OK
bakery_lint.tests.downstream.test_check_name_table_recommendation.CheckStyleNameRecommendation.test_check_stylename_is_under_recommendations(): OK
bakery_lint.tests.downstream.test_check_name_table_recommendation.CheckOTFamilyNameRecommendation.test_check_opentype_familyname(): FAIL
$ fontbakery-fix-opentype-names.py /home/travis/build/fontdirectory/volkhov/builds/build/Volkhov-Bold.ttf
$ mv /home/travis/build/fontdirectory/volkhov/builds/build/Volkhov-Bold.ttf.fix /home/travis/build/fontdirectory/volkhov/builds/build/Volkhov-Bold.ttf
bakery_lint.tests.downstream.test_check_name_table_recommendation.CheckOTFamilyNameRecommendation.test_check_opentype_familyname(): OK
bakery_lint.tests.downstream.test_check_name_table_recommendation.CheckOTStyleNameRecommendation.test_check_opentype_stylename(): OK
bakery_lint.tests.downstream.test_check_name_table_recommendation.CheckOTFullNameRecommendation.test_check_opentype_fullname(): OK
bakery_lint.tests.downstream.test_check_nbsp_width_matches_sp_width.CheckNbspWidthMatchesSpWidth.test_check_nbsp_width_matches_sp_width(): FAIL
$ fontbakery-fix-nbsp.py /home/travis/build/fontdirectory/volkhov/builds/build/Volkhov-Bold.ttf
$ mv /home/travis/build/fontdirectory/volkhov/builds/build/Volkhov-Bold.ttf.fix /home/travis/build/fontdirectory/volkhov/builds/build/Volkhov-Bold.ttf
bakery_lint.tests.downstream.test_check_nbsp_width_matches_sp_width.CheckNbspWidthMatchesSpWidth.test_check_nbsp_width_matches_sp_width(): FAIL
bakery_lint.tests.downstream.test_check_names_same_across_platforms.CheckNamesSameAcrossPlatforms.test_check_names_same_across_platforms(): OK
bakery_lint.tests.downstream.test_check_panose_identification.CheckPanoseIdentification.test_check_panose_identification(): OK
bakery_lint.tests.downstream.test_check_license_included.CheckLicenseIncluded.test_license_included_in_font_names(): OK
bakery_lint.tests.downstream.test_check_full_font_name_begins_with_family_name.CheckFullFontNameBeginsWithFamilyName.test_check_full_font_name_begins_with_family_name(): OK
bakery_lint.tests.downstream.test_check_unused_glyph_data.CheckUnusedGlyphData.test_check_unused_glyph_data(): ERROR
bakery_lint.tests.downstream.test_gasp_table_value.CheckGaspTableType.test_check_gasp_table_type(): FAIL
$ fontbakery-fix-gasp.py --set=15 /home/travis/build/fontdirectory/volkhov/builds/build/Volkhov-Bold.ttf
$ mv /home/travis/build/fontdirectory/volkhov/builds/build/Volkhov-Bold.ttf.fix /home/travis/build/fontdirectory/volkhov/builds/build/Volkhov-Bold.ttf
bakery_lint.tests.downstream.test_gasp_table_value.CheckGaspTableType.test_check_gasp_table_type(): OK
$ fontbakery-fix-gasp.py --set=15 /home/travis/build/fontdirectory/volkhov/builds/build/Volkhov-Bold.ttf
$ mv /home/travis/build/fontdirectory/volkhov/builds/build/Volkhov-Bold.ttf.fix /home/travis/build/fontdirectory/volkhov/builds/build/Volkhov-Bold.ttf
bakery_lint.tests.downstream.test_check_hmtx_hhea_max_advance_width_agreement.CheckHmtxHheaMaxAdvanceWidthAgreement.test_check_hmtx_hhea_max_advance_width_agreement(): OK
bakery_lint.tests.downstream.test_check_font_agreements.CheckFsTypeIsNotSet.test_is_fstype_not_set(): OK
$ fontbakery-fix-fstype.py --autofix /home/travis/build/fontdirectory/volkhov/builds/build/Volkhov-Bold.ttf
$ mv /home/travis/build/fontdirectory/volkhov/builds/build/Volkhov-Bold.ttf.fix /home/travis/build/fontdirectory/volkhov/builds/build/Volkhov-Bold.ttf
bakery_lint.tests.downstream.test_check_font_agreements.CheckFontAgreements.test_em_is_1000(): OK
bakery_lint.tests.downstream.test_check_font_agreements.CheckFontAgreements.test_font_is_font(): OK
bakery_lint.tests.downstream.test_check_font_agreements.CheckFontAgreements.test_latin_file_exists(): FAIL
bakery_lint.tests.downstream.test_check_font_agreements.CheckFontAgreements.test_menu_file_exists(): FAIL
bakery_lint.tests.downstream.test_check_magic_prep_code.CheckMagicPREPByteCode.test_prep_magic_code(): FAIL
bakery_lint.tests.downstream.test_check_unencoded_glyph.TestFontUnencodedGlyph.test_font_unencoded_glyphs(): FAIL
$ fontbakery-fix-glyph-private-encoding.py --autofix /home/travis/build/fontdirectory/volkhov/builds/build/Volkhov-Bold.ttf
$ mv /home/travis/build/fontdirectory/volkhov/builds/build/Volkhov-Bold.ttf.fix /home/travis/build/fontdirectory/volkhov/builds/build/Volkhov-Bold.ttf
bakery_lint.tests.downstream.test_check_unencoded_glyph.TestFontUnencodedGlyph.test_font_unencoded_glyphs(): FAIL
bakery_lint.tests.downstream.test_check_glyph_existence.CheckGlyphExistence.test_euro(): OK
bakery_lint.tests.downstream.test_check_glyph_existence.CheckGlyphExistence.test_nbsp(): OK
bakery_lint.tests.downstream.test_check_glyph_existence.CheckGlyphExistence.test_space(): OK
bakery_lint.tests.downstream.test_check_vertical_metrics.CheckVerticalLinegapMetrics.test_metrics_linegaps_are_zero(): OK
bakery_lint.tests.downstream.test_check_vertical_metrics.CheckVerticalAscentMetrics.test_metrics_ascents_equal_bbox(): OK
bakery_lint.tests.downstream.test_check_vertical_metrics.CheckVerticalDescentMetrics.test_metrics_descents_equal_bbox(): OK
bakery_lint.tests.downstream.test_names_are_ascii_only.CheckNamesAreASCIIOnly.test_check_names_are_ascii_only(): OK
bakery_lint.tests.downstream.test_check_glyf_table_length.CheckGlyfTableLength.test_check_glyf_table_length(): FAIL
bakery_lint.tests.downstream.test_check_os2_width_class.CheckOS2WidthClass.test_check_os2_width_class(): OK
bakery_lint.tests.downstream.test_check_no_problematic_formats.CheckNoProblematicFormats.test_check_no_problematic_formats(): OK
bakery_lint.tests.downstream.test_check_fontname_matches_macstyle.CheckFontNameEqualToMacStyleFlags.test_fontname_is_equal_to_macstyle(): FAIL
bakery_lint.tests.downstream.test_gpos_table_has_kerning_info.CheckGposTableHasKerningInfo.test_gpos_table_has_kerning_info(): OK
The following table(s) in the font have been ignored by FontForge
  Ignoring 'DSIG' digital signature table
  Ignoring 'LTSH' linear threshold table
  Ignoring 'VDMX' vertical device metrics table
  Ignoring 'hdmx' horizontal device metrics table
This font contains both a 'kern' table and a 'GPOS' table.
  The 'kern' table will only be read if there is no 'kern' feature in 'GPOS'.
bakery_lint.tests.downstream.test_fontforge_validation_state.FontForgeValidateStateTest.test_allowed_numbers_paths_in_composite_glyphs(): OK
bakery_lint.tests.downstream.test_fontforge_validation_state.FontForgeValidateStateTest.test_allowed_numbers_paths_in_glyphs(): OK
bakery_lint.tests.downstream.test_fontforge_validation_state.FontForgeValidateStateTest.test_allowed_numbers_points_in_composite_glyphs(): OK
bakery_lint.tests.downstream.test_fontforge_validation_state.FontForgeValidateStateTest.test_allowed_numbers_points_in_glyphs(): OK
bakery_lint.tests.downstream.test_fontforge_validation_state.FontForgeValidateStateTest.test_duplicate_glyphs(): OK
bakery_lint.tests.downstream.test_fontforge_validation_state.FontForgeValidateStateTest.test_duplicate_unicode_codepoints(): OK
bakery_lint.tests.downstream.test_fontforge_validation_state.FontForgeValidateStateTest.test_flipped_reference_in_glyphs(): FAIL
bakery_lint.tests.downstream.test_fontforge_validation_state.FontForgeValidateStateTest.test_missing_anchors(): OK
bakery_lint.tests.downstream.test_fontforge_validation_state.FontForgeValidateStateTest.test_missing_extrema_in_glyphs(): FAIL
bakery_lint.tests.downstream.test_fontforge_validation_state.FontForgeValidateStateTest.test_overlapped_hints(): OK
bakery_lint.tests.downstream.test_fontforge_validation_state.FontForgeValidateStateTest.test_points_are_integer_aligned(): OK
bakery_lint.tests.downstream.test_fontforge_validation_state.FontForgeValidateStateTest.test_points_are_not_too_far_apart(): OK
bakery_lint.tests.downstream.test_fontforge_validation_state.FontForgeValidateStateTest.test_postscript_hasnt_limit_hints_in_glyphs(): OK
bakery_lint.tests.downstream.test_fontforge_validation_state.FontForgeValidateStateTest.test_postscript_hasnt_limit_points_in_glyphs(): OK
bakery_lint.tests.downstream.test_fontforge_validation_state.FontForgeValidateStateTest.test_referenced_glyphs_are_present(): OK
bakery_lint.tests.downstream.test_fontforge_validation_state.FontForgeValidateStateTest.test_valid_glyph_names(): OK
bakery_lint.tests.downstream.test_fontforge_validation_state.FontForgeValidateStateTest.test_valid_length_instructions(): OK
bakery_lint.tests.downstream.test_fontforge_validation_state.FontForgeValidateStateTest.test_validation_glyph_intersect(): FAIL
bakery_lint.tests.downstream.test_fontforge_validation_state.FontForgeValidateStateTest.test_validation_open_contours(): OK
bakery_lint.tests.downstream.test_fontforge_validation_state.FontForgeValidateStateTest.test_wrong_direction_in_glyphs(): FAIL
### Optimize TTF Volkhov-Bold.ttf
$ ls -l 'Volkhov-Bold.ttf'* # look at the size savings of that subset process
Volkhov-Bold.ttf.opt: 71976 bytes
Volkhov-Bold.ttf: 106980 bytes
$ mv /home/travis/build/fontdirectory/volkhov/builds/build/Volkhov-Bold.ttf.opt /home/travis/build/fontdirectory/volkhov/builds/build/Volkhov-Bold.ttf
### Autohint TTFs (ttfautohint) Volkhov-Bold.ttf
$ ttfautohint -l 7 -r 28 -G 50 -x 13 -w "G" /home/travis/build/fontdirectory/volkhov/builds/build/Volkhov-Bold.ttf '/home/travis/build/fontdirectory/volkhov/builds/build/Volkhov-Bold.autohint.ttf'

$ ls -l /home/travis/build/fontdirectory/volkhov/builds/build/Volkhov-Bold.*ttf # look at the size savings of that subset process
/home/travis/build/fontdirectory/volkhov/builds/build/Volkhov-Bold.ttf: 71976 bytes
/home/travis/build/fontdirectory/volkhov/builds/build/Volkhov-Bold.autohint.ttf: 45492 bytes
$ mv /home/travis/build/fontdirectory/volkhov/builds/build/Volkhov-Bold.autohint.ttf /home/travis/build/fontdirectory/volkhov/builds/build/Volkhov-Bold.ttf
### Subset TTFs (pyftsubset) Volkhov-Bold.ttf
$ pyftsubset Volkhov-Bold.latin
$ pyftsubset Volkhov-Bold.menu
spaceWidth is    223
nbspWidth is     223
Nothing to do
strippedname:/home/travis/build/fontdirectory/volkhov/builds/build/Volkhov-Bold.ttf
### Test Volkhov-BoldItalic.ttf
$ fontbakery-check.py result Volkhov-BoldItalic.ttf
bakery_lint.tests.downstream.test_check_italic_angle_agreement.CheckItalicAngleAgreement.test_check_italic_angle_agreement(): OK
bakery_lint.tests.downstream.test_check_upm_heights_less_120.TestCheckUPMHeightsLess120.test_check_upm_heigths_less_120(): FAIL
bakery_lint.tests.downstream.test_check_font_tables.CheckFontHasDsigTable.test_check_font_has_dsig_table(): FAIL
$ fontbakery-fix-dsig.py /home/travis/build/fontdirectory/volkhov/builds/build/Volkhov-BoldItalic.ttf
$ mv /home/travis/build/fontdirectory/volkhov/builds/build/Volkhov-BoldItalic.ttf.fix /home/travis/build/fontdirectory/volkhov/builds/build/Volkhov-BoldItalic.ttf
bakery_lint.tests.downstream.test_check_font_tables.CheckFontHasDsigTable.test_check_font_has_dsig_table(): OK
bakery_lint.tests.downstream.test_check_font_tables.CheckFontHasNotKernTable.test_no_kern_table_exists(): OK
bakery_lint.tests.downstream.test_check_name_table_recommendation.CheckStyleNameRecommendation.test_check_stylename_is_under_recommendations(): OK
bakery_lint.tests.downstream.test_check_name_table_recommendation.CheckOTFamilyNameRecommendation.test_check_opentype_familyname(): FAIL
$ fontbakery-fix-opentype-names.py /home/travis/build/fontdirectory/volkhov/builds/build/Volkhov-BoldItalic.ttf
$ mv /home/travis/build/fontdirectory/volkhov/builds/build/Volkhov-BoldItalic.ttf.fix /home/travis/build/fontdirectory/volkhov/builds/build/Volkhov-BoldItalic.ttf
bakery_lint.tests.downstream.test_check_name_table_recommendation.CheckOTFamilyNameRecommendation.test_check_opentype_familyname(): OK
bakery_lint.tests.downstream.test_check_name_table_recommendation.CheckOTStyleNameRecommendation.test_check_opentype_stylename(): OK
bakery_lint.tests.downstream.test_check_name_table_recommendation.CheckOTFullNameRecommendation.test_check_opentype_fullname(): OK
bakery_lint.tests.downstream.test_check_nbsp_width_matches_sp_width.CheckNbspWidthMatchesSpWidth.test_check_nbsp_width_matches_sp_width(): FAIL
$ fontbakery-fix-nbsp.py /home/travis/build/fontdirectory/volkhov/builds/build/Volkhov-BoldItalic.ttf
$ mv /home/travis/build/fontdirectory/volkhov/builds/build/Volkhov-BoldItalic.ttf.fix /home/travis/build/fontdirectory/volkhov/builds/build/Volkhov-BoldItalic.ttf
bakery_lint.tests.downstream.test_check_nbsp_width_matches_sp_width.CheckNbspWidthMatchesSpWidth.test_check_nbsp_width_matches_sp_width(): FAIL
bakery_lint.tests.downstream.test_check_names_same_across_platforms.CheckNamesSameAcrossPlatforms.test_check_names_same_across_platforms(): OK
bakery_lint.tests.downstream.test_check_panose_identification.CheckPanoseIdentification.test_check_panose_identification(): OK
bakery_lint.tests.downstream.test_check_license_included.CheckLicenseIncluded.test_license_included_in_font_names(): OK
bakery_lint.tests.downstream.test_check_full_font_name_begins_with_family_name.CheckFullFontNameBeginsWithFamilyName.test_check_full_font_name_begins_with_family_name(): OK
bakery_lint.tests.downstream.test_check_unused_glyph_data.CheckUnusedGlyphData.test_check_unused_glyph_data(): ERROR
bakery_lint.tests.downstream.test_gasp_table_value.CheckGaspTableType.test_check_gasp_table_type(): FAIL
$ fontbakery-fix-gasp.py --set=15 /home/travis/build/fontdirectory/volkhov/builds/build/Volkhov-BoldItalic.ttf
$ mv /home/travis/build/fontdirectory/volkhov/builds/build/Volkhov-BoldItalic.ttf.fix /home/travis/build/fontdirectory/volkhov/builds/build/Volkhov-BoldItalic.ttf
bakery_lint.tests.downstream.test_gasp_table_value.CheckGaspTableType.test_check_gasp_table_type(): OK
$ fontbakery-fix-gasp.py --set=15 /home/travis/build/fontdirectory/volkhov/builds/build/Volkhov-BoldItalic.ttf
$ mv /home/travis/build/fontdirectory/volkhov/builds/build/Volkhov-BoldItalic.ttf.fix /home/travis/build/fontdirectory/volkhov/builds/build/Volkhov-BoldItalic.ttf
bakery_lint.tests.downstream.test_check_hmtx_hhea_max_advance_width_agreement.CheckHmtxHheaMaxAdvanceWidthAgreement.test_check_hmtx_hhea_max_advance_width_agreement(): OK
bakery_lint.tests.downstream.test_check_font_agreements.CheckFsTypeIsNotSet.test_is_fstype_not_set(): OK
$ fontbakery-fix-fstype.py --autofix /home/travis/build/fontdirectory/volkhov/builds/build/Volkhov-BoldItalic.ttf
$ mv /home/travis/build/fontdirectory/volkhov/builds/build/Volkhov-BoldItalic.ttf.fix /home/travis/build/fontdirectory/volkhov/builds/build/Volkhov-BoldItalic.ttf
bakery_lint.tests.downstream.test_check_font_agreements.CheckFontAgreements.test_em_is_1000(): OK
bakery_lint.tests.downstream.test_check_font_agreements.CheckFontAgreements.test_font_is_font(): OK
bakery_lint.tests.downstream.test_check_font_agreements.CheckFontAgreements.test_latin_file_exists(): FAIL
bakery_lint.tests.downstream.test_check_font_agreements.CheckFontAgreements.test_menu_file_exists(): FAIL
bakery_lint.tests.downstream.test_check_magic_prep_code.CheckMagicPREPByteCode.test_prep_magic_code(): FAIL
bakery_lint.tests.downstream.test_check_unencoded_glyph.TestFontUnencodedGlyph.test_font_unencoded_glyphs(): FAIL
$ fontbakery-fix-glyph-private-encoding.py --autofix /home/travis/build/fontdirectory/volkhov/builds/build/Volkhov-BoldItalic.ttf
$ mv /home/travis/build/fontdirectory/volkhov/builds/build/Volkhov-BoldItalic.ttf.fix /home/travis/build/fontdirectory/volkhov/builds/build/Volkhov-BoldItalic.ttf
bakery_lint.tests.downstream.test_check_unencoded_glyph.TestFontUnencodedGlyph.test_font_unencoded_glyphs(): FAIL
bakery_lint.tests.downstream.test_check_glyph_existence.CheckGlyphExistence.test_euro(): OK
bakery_lint.tests.downstream.test_check_glyph_existence.CheckGlyphExistence.test_nbsp(): OK
bakery_lint.tests.downstream.test_check_glyph_existence.CheckGlyphExistence.test_space(): OK
bakery_lint.tests.downstream.test_check_vertical_metrics.CheckVerticalLinegapMetrics.test_metrics_linegaps_are_zero(): OK
bakery_lint.tests.downstream.test_check_vertical_metrics.CheckVerticalAscentMetrics.test_metrics_ascents_equal_bbox(): OK
bakery_lint.tests.downstream.test_check_vertical_metrics.CheckVerticalDescentMetrics.test_metrics_descents_equal_bbox(): OK
bakery_lint.tests.downstream.test_names_are_ascii_only.CheckNamesAreASCIIOnly.test_check_names_are_ascii_only(): OK
bakery_lint.tests.downstream.test_check_glyf_table_length.CheckGlyfTableLength.test_check_glyf_table_length(): FAIL
bakery_lint.tests.downstream.test_check_os2_width_class.CheckOS2WidthClass.test_check_os2_width_class(): OK
bakery_lint.tests.downstream.test_check_no_problematic_formats.CheckNoProblematicFormats.test_check_no_problematic_formats(): OK
bakery_lint.tests.downstream.test_check_fontname_matches_macstyle.CheckFontNameEqualToMacStyleFlags.test_fontname_is_equal_to_macstyle(): FAIL
bakery_lint.tests.downstream.test_gpos_table_has_kerning_info.CheckGposTableHasKerningInfo.test_gpos_table_has_kerning_info(): OK
The following table(s) in the font have been ignored by FontForge
  Ignoring 'DSIG' digital signature table
  Ignoring 'LTSH' linear threshold table
  Ignoring 'VDMX' vertical device metrics table
  Ignoring 'hdmx' horizontal device metrics table
This font contains both a 'kern' table and a 'GPOS' table.
  The 'kern' table will only be read if there is no 'kern' feature in 'GPOS'.
bakery_lint.tests.downstream.test_fontforge_validation_state.FontForgeValidateStateTest.test_allowed_numbers_paths_in_composite_glyphs(): OK
bakery_lint.tests.downstream.test_fontforge_validation_state.FontForgeValidateStateTest.test_allowed_numbers_paths_in_glyphs(): OK
bakery_lint.tests.downstream.test_fontforge_validation_state.FontForgeValidateStateTest.test_allowed_numbers_points_in_composite_glyphs(): OK
bakery_lint.tests.downstream.test_fontforge_validation_state.FontForgeValidateStateTest.test_allowed_numbers_points_in_glyphs(): OK
bakery_lint.tests.downstream.test_fontforge_validation_state.FontForgeValidateStateTest.test_duplicate_glyphs(): OK
bakery_lint.tests.downstream.test_fontforge_validation_state.FontForgeValidateStateTest.test_duplicate_unicode_codepoints(): OK
bakery_lint.tests.downstream.test_fontforge_validation_state.FontForgeValidateStateTest.test_flipped_reference_in_glyphs(): OK
bakery_lint.tests.downstream.test_fontforge_validation_state.FontForgeValidateStateTest.test_missing_anchors(): OK
bakery_lint.tests.downstream.test_fontforge_validation_state.FontForgeValidateStateTest.test_missing_extrema_in_glyphs(): FAIL
bakery_lint.tests.downstream.test_fontforge_validation_state.FontForgeValidateStateTest.test_overlapped_hints(): OK
bakery_lint.tests.downstream.test_fontforge_validation_state.FontForgeValidateStateTest.test_points_are_integer_aligned(): OK
bakery_lint.tests.downstream.test_fontforge_validation_state.FontForgeValidateStateTest.test_points_are_not_too_far_apart(): OK
bakery_lint.tests.downstream.test_fontforge_validation_state.FontForgeValidateStateTest.test_postscript_hasnt_limit_hints_in_glyphs(): OK
bakery_lint.tests.downstream.test_fontforge_validation_state.FontForgeValidateStateTest.test_postscript_hasnt_limit_points_in_glyphs(): OK
bakery_lint.tests.downstream.test_fontforge_validation_state.FontForgeValidateStateTest.test_referenced_glyphs_are_present(): OK
bakery_lint.tests.downstream.test_fontforge_validation_state.FontForgeValidateStateTest.test_valid_glyph_names(): OK
bakery_lint.tests.downstream.test_fontforge_validation_state.FontForgeValidateStateTest.test_valid_length_instructions(): OK
bakery_lint.tests.downstream.test_fontforge_validation_state.FontForgeValidateStateTest.test_validation_glyph_intersect(): OK
bakery_lint.tests.downstream.test_fontforge_validation_state.FontForgeValidateStateTest.test_validation_open_contours(): OK
bakery_lint.tests.downstream.test_fontforge_validation_state.FontForgeValidateStateTest.test_wrong_direction_in_glyphs(): FAIL
### Optimize TTF Volkhov-BoldItalic.ttf
$ ls -l 'Volkhov-BoldItalic.ttf'* # look at the size savings of that subset process
Volkhov-BoldItalic.ttf.opt: 64436 bytes
Volkhov-BoldItalic.ttf: 97740 bytes
$ mv /home/travis/build/fontdirectory/volkhov/builds/build/Volkhov-BoldItalic.ttf.opt /home/travis/build/fontdirectory/volkhov/builds/build/Volkhov-BoldItalic.ttf
### Autohint TTFs (ttfautohint) Volkhov-BoldItalic.ttf
$ ttfautohint -l 7 -r 28 -G 50 -x 13 -w "G" /home/travis/build/fontdirectory/volkhov/builds/build/Volkhov-BoldItalic.ttf '/home/travis/build/fontdirectory/volkhov/builds/build/Volkhov-BoldItalic.autohint.ttf'

$ ls -l /home/travis/build/fontdirectory/volkhov/builds/build/Volkhov-BoldItalic.*ttf # look at the size savings of that subset process
/home/travis/build/fontdirectory/volkhov/builds/build/Volkhov-BoldItalic.ttf: 64436 bytes
/home/travis/build/fontdirectory/volkhov/builds/build/Volkhov-BoldItalic.autohint.ttf: 48096 bytes
$ mv /home/travis/build/fontdirectory/volkhov/builds/build/Volkhov-BoldItalic.autohint.ttf /home/travis/build/fontdirectory/volkhov/builds/build/Volkhov-BoldItalic.ttf
### Subset TTFs (pyftsubset) Volkhov-BoldItalic.ttf
$ pyftsubset Volkhov-BoldItalic.latin
$ pyftsubset Volkhov-BoldItalic.menu
spaceWidth is    233
nbspWidth is     233
Nothing to do
strippedname:/home/travis/build/fontdirectory/volkhov/builds/build/Volkhov-BoldItalic.ttf
$ fontbakery-build-font2ttf.py sources/Volkhov-Regular.otf Volkhov-Regular.ttf
This font contains both a 'kern' table and a 'GPOS' table.
  The 'kern' table will only be read if there is no 'kern' feature in 'GPOS'.
Warning: Mac string is a subset of the Windows string in the 'name' table
 for the Fullname string in the English (US) language.
Success: Generated OpenType-TTF (/home/travis/build/fontdirectory/volkhov/builds/build/Volkhov-Regular.ttf)
strippedname:/home/travis/build/fontdirectory/volkhov/builds/build/Volkhov-Regular.otf
### Test Volkhov-Regular.ttf
$ fontbakery-check.py result Volkhov-Regular.ttf
bakery_lint.tests.downstream.test_check_italic_angle_agreement.CheckItalicAngleAgreement.test_check_italic_angle_agreement(): OK
bakery_lint.tests.downstream.test_check_upm_heights_less_120.TestCheckUPMHeightsLess120.test_check_upm_heigths_less_120(): FAIL
bakery_lint.tests.downstream.test_check_font_tables.CheckFontHasDsigTable.test_check_font_has_dsig_table(): OK
bakery_lint.tests.downstream.test_check_font_tables.CheckFontHasNotKernTable.test_no_kern_table_exists(): OK
bakery_lint.tests.downstream.test_check_name_table_recommendation.CheckStyleNameRecommendation.test_check_stylename_is_under_recommendations(): OK
bakery_lint.tests.downstream.test_check_name_table_recommendation.CheckOTFamilyNameRecommendation.test_check_opentype_familyname(): FAIL
$ fontbakery-fix-opentype-names.py /home/travis/build/fontdirectory/volkhov/builds/build/Volkhov-Regular.ttf
$ mv /home/travis/build/fontdirectory/volkhov/builds/build/Volkhov-Regular.ttf.fix /home/travis/build/fontdirectory/volkhov/builds/build/Volkhov-Regular.ttf
bakery_lint.tests.downstream.test_check_name_table_recommendation.CheckOTFamilyNameRecommendation.test_check_opentype_familyname(): OK
bakery_lint.tests.downstream.test_check_name_table_recommendation.CheckOTStyleNameRecommendation.test_check_opentype_stylename(): OK
bakery_lint.tests.downstream.test_check_name_table_recommendation.CheckOTFullNameRecommendation.test_check_opentype_fullname(): OK
bakery_lint.tests.downstream.test_check_nbsp_width_matches_sp_width.CheckNbspWidthMatchesSpWidth.test_check_nbsp_width_matches_sp_width(): FAIL
$ fontbakery-fix-nbsp.py /home/travis/build/fontdirectory/volkhov/builds/build/Volkhov-Regular.ttf
$ mv /home/travis/build/fontdirectory/volkhov/builds/build/Volkhov-Regular.ttf.fix /home/travis/build/fontdirectory/volkhov/builds/build/Volkhov-Regular.ttf
bakery_lint.tests.downstream.test_check_nbsp_width_matches_sp_width.CheckNbspWidthMatchesSpWidth.test_check_nbsp_width_matches_sp_width(): FAIL
bakery_lint.tests.downstream.test_check_names_same_across_platforms.CheckNamesSameAcrossPlatforms.test_check_names_same_across_platforms(): OK
bakery_lint.tests.downstream.test_check_panose_identification.CheckPanoseIdentification.test_check_panose_identification(): OK
bakery_lint.tests.downstream.test_check_license_included.CheckLicenseIncluded.test_license_included_in_font_names(): OK
bakery_lint.tests.downstream.test_check_full_font_name_begins_with_family_name.CheckFullFontNameBeginsWithFamilyName.test_check_full_font_name_begins_with_family_name(): OK
bakery_lint.tests.downstream.test_check_unused_glyph_data.CheckUnusedGlyphData.test_check_unused_glyph_data(): ERROR
bakery_lint.tests.downstream.test_gasp_table_value.CheckGaspTableType.test_check_gasp_table_type(): FAIL
$ fontbakery-fix-gasp.py --set=15 /home/travis/build/fontdirectory/volkhov/builds/build/Volkhov-Regular.ttf
$ mv /home/travis/build/fontdirectory/volkhov/builds/build/Volkhov-Regular.ttf.fix /home/travis/build/fontdirectory/volkhov/builds/build/Volkhov-Regular.ttf
bakery_lint.tests.downstream.test_gasp_table_value.CheckGaspTableType.test_check_gasp_table_type(): OK
$ fontbakery-fix-gasp.py --set=15 /home/travis/build/fontdirectory/volkhov/builds/build/Volkhov-Regular.ttf
$ mv /home/travis/build/fontdirectory/volkhov/builds/build/Volkhov-Regular.ttf.fix /home/travis/build/fontdirectory/volkhov/builds/build/Volkhov-Regular.ttf
bakery_lint.tests.downstream.test_check_hmtx_hhea_max_advance_width_agreement.CheckHmtxHheaMaxAdvanceWidthAgreement.test_check_hmtx_hhea_max_advance_width_agreement(): OK
bakery_lint.tests.downstream.test_check_font_agreements.CheckFsTypeIsNotSet.test_is_fstype_not_set(): OK
$ fontbakery-fix-fstype.py --autofix /home/travis/build/fontdirectory/volkhov/builds/build/Volkhov-Regular.ttf
$ mv /home/travis/build/fontdirectory/volkhov/builds/build/Volkhov-Regular.ttf.fix /home/travis/build/fontdirectory/volkhov/builds/build/Volkhov-Regular.ttf
bakery_lint.tests.downstream.test_check_font_agreements.CheckFontAgreements.test_em_is_1000(): OK
bakery_lint.tests.downstream.test_check_font_agreements.CheckFontAgreements.test_font_is_font(): OK
bakery_lint.tests.downstream.test_check_font_agreements.CheckFontAgreements.test_latin_file_exists(): FAIL
bakery_lint.tests.downstream.test_check_font_agreements.CheckFontAgreements.test_menu_file_exists(): FAIL
bakery_lint.tests.downstream.test_check_magic_prep_code.CheckMagicPREPByteCode.test_prep_magic_code(): FAIL
bakery_lint.tests.downstream.test_check_unencoded_glyph.TestFontUnencodedGlyph.test_font_unencoded_glyphs(): FAIL
$ fontbakery-fix-glyph-private-encoding.py --autofix /home/travis/build/fontdirectory/volkhov/builds/build/Volkhov-Regular.ttf
$ mv /home/travis/build/fontdirectory/volkhov/builds/build/Volkhov-Regular.ttf.fix /home/travis/build/fontdirectory/volkhov/builds/build/Volkhov-Regular.ttf
bakery_lint.tests.downstream.test_check_unencoded_glyph.TestFontUnencodedGlyph.test_font_unencoded_glyphs(): FAIL
bakery_lint.tests.downstream.test_check_glyph_existence.CheckGlyphExistence.test_euro(): OK
bakery_lint.tests.downstream.test_check_glyph_existence.CheckGlyphExistence.test_nbsp(): OK
bakery_lint.tests.downstream.test_check_glyph_existence.CheckGlyphExistence.test_space(): OK
bakery_lint.tests.downstream.test_check_vertical_metrics.CheckVerticalLinegapMetrics.test_metrics_linegaps_are_zero(): OK
bakery_lint.tests.downstream.test_check_vertical_metrics.CheckVerticalAscentMetrics.test_metrics_ascents_equal_bbox(): OK
bakery_lint.tests.downstream.test_check_vertical_metrics.CheckVerticalDescentMetrics.test_metrics_descents_equal_bbox(): OK
bakery_lint.tests.downstream.test_names_are_ascii_only.CheckNamesAreASCIIOnly.test_check_names_are_ascii_only(): OK
bakery_lint.tests.downstream.test_check_glyf_table_length.CheckGlyfTableLength.test_check_glyf_table_length(): FAIL
bakery_lint.tests.downstream.test_check_os2_width_class.CheckOS2WidthClass.test_check_os2_width_class(): OK
bakery_lint.tests.downstream.test_check_no_problematic_formats.CheckNoProblematicFormats.test_check_no_problematic_formats(): OK
bakery_lint.tests.downstream.test_check_fontname_matches_macstyle.CheckFontNameEqualToMacStyleFlags.test_fontname_is_equal_to_macstyle(): OK
bakery_lint.tests.downstream.test_gpos_table_has_kerning_info.CheckGposTableHasKerningInfo.test_gpos_table_has_kerning_info(): OK
The following table(s) in the font have been ignored by FontForge
  Ignoring 'DSIG' digital signature table
bakery_lint.tests.downstream.test_fontforge_validation_state.FontForgeValidateStateTest.test_allowed_numbers_paths_in_composite_glyphs(): OK
bakery_lint.tests.downstream.test_fontforge_validation_state.FontForgeValidateStateTest.test_allowed_numbers_paths_in_glyphs(): OK
bakery_lint.tests.downstream.test_fontforge_validation_state.FontForgeValidateStateTest.test_allowed_numbers_points_in_composite_glyphs(): OK
bakery_lint.tests.downstream.test_fontforge_validation_state.FontForgeValidateStateTest.test_allowed_numbers_points_in_glyphs(): OK
bakery_lint.tests.downstream.test_fontforge_validation_state.FontForgeValidateStateTest.test_duplicate_glyphs(): OK
bakery_lint.tests.downstream.test_fontforge_validation_state.FontForgeValidateStateTest.test_duplicate_unicode_codepoints(): OK
bakery_lint.tests.downstream.test_fontforge_validation_state.FontForgeValidateStateTest.test_flipped_reference_in_glyphs(): OK
bakery_lint.tests.downstream.test_fontforge_validation_state.FontForgeValidateStateTest.test_missing_anchors(): OK
bakery_lint.tests.downstream.test_fontforge_validation_state.FontForgeValidateStateTest.test_missing_extrema_in_glyphs(): FAIL
bakery_lint.tests.downstream.test_fontforge_validation_state.FontForgeValidateStateTest.test_overlapped_hints(): OK
bakery_lint.tests.downstream.test_fontforge_validation_state.FontForgeValidateStateTest.test_points_are_integer_aligned(): OK
bakery_lint.tests.downstream.test_fontforge_validation_state.FontForgeValidateStateTest.test_points_are_not_too_far_apart(): OK
bakery_lint.tests.downstream.test_fontforge_validation_state.FontForgeValidateStateTest.test_postscript_hasnt_limit_hints_in_glyphs(): OK
bakery_lint.tests.downstream.test_fontforge_validation_state.FontForgeValidateStateTest.test_postscript_hasnt_limit_points_in_glyphs(): OK
bakery_lint.tests.downstream.test_fontforge_validation_state.FontForgeValidateStateTest.test_referenced_glyphs_are_present(): OK
bakery_lint.tests.downstream.test_fontforge_validation_state.FontForgeValidateStateTest.test_valid_glyph_names(): OK
bakery_lint.tests.downstream.test_fontforge_validation_state.FontForgeValidateStateTest.test_valid_length_instructions(): OK
bakery_lint.tests.downstream.test_fontforge_validation_state.FontForgeValidateStateTest.test_validation_glyph_intersect(): FAIL
bakery_lint.tests.downstream.test_fontforge_validation_state.FontForgeValidateStateTest.test_validation_open_contours(): OK
bakery_lint.tests.downstream.test_fontforge_validation_state.FontForgeValidateStateTest.test_wrong_direction_in_glyphs(): OK
### Optimize TTF Volkhov-Regular.ttf
$ ls -l 'Volkhov-Regular.ttf'* # look at the size savings of that subset process
Volkhov-Regular.ttf.opt: 36232 bytes
Volkhov-Regular.ttf: 48248 bytes
$ mv /home/travis/build/fontdirectory/volkhov/builds/build/Volkhov-Regular.ttf.opt /home/travis/build/fontdirectory/volkhov/builds/build/Volkhov-Regular.ttf
### Autohint TTFs (ttfautohint) Volkhov-Regular.ttf
$ ttfautohint -l 7 -r 28 -G 50 -x 13 -w "G" /home/travis/build/fontdirectory/volkhov/builds/build/Volkhov-Regular.ttf '/home/travis/build/fontdirectory/volkhov/builds/build/Volkhov-Regular.autohint.ttf'

$ ls -l /home/travis/build/fontdirectory/volkhov/builds/build/Volkhov-Regular.*ttf # look at the size savings of that subset process
/home/travis/build/fontdirectory/volkhov/builds/build/Volkhov-Regular.ttf: 36232 bytes
/home/travis/build/fontdirectory/volkhov/builds/build/Volkhov-Regular.autohint.ttf: 56040 bytes
$ mv /home/travis/build/fontdirectory/volkhov/builds/build/Volkhov-Regular.autohint.ttf /home/travis/build/fontdirectory/volkhov/builds/build/Volkhov-Regular.ttf
### Subset TTFs (pyftsubset) Volkhov-Regular.ttf
$ pyftsubset Volkhov-Regular.latin
$ pyftsubset Volkhov-Regular.menu
spaceWidth is    231
nbspWidth is     231
Nothing to do
strippedname:/home/travis/build/fontdirectory/volkhov/builds/build/Volkhov-Regular.ttf
$ fontbakery-build-font2ttf.py sources/Volkhov-Italic-TTF.sfd Volkhov-Italic-TTF.ttf
Success: Generated OpenType-TTF (/home/travis/build/fontdirectory/volkhov/builds/build/Volkhov-Italic-TTF.ttf)
### Test Volkhov-Italic-TTF.ttf
$ fontbakery-check.py result Volkhov-Italic-TTF.ttf
bakery_lint.tests.downstream.test_check_italic_angle_agreement.CheckItalicAngleAgreement.test_check_italic_angle_agreement(): OK
bakery_lint.tests.downstream.test_check_upm_heights_less_120.TestCheckUPMHeightsLess120.test_check_upm_heigths_less_120(): FAIL
bakery_lint.tests.downstream.test_check_font_tables.CheckFontHasDsigTable.test_check_font_has_dsig_table(): OK
bakery_lint.tests.downstream.test_check_font_tables.CheckFontHasNotKernTable.test_no_kern_table_exists(): OK
bakery_lint.tests.downstream.test_check_name_table_recommendation.CheckStyleNameRecommendation.test_check_stylename_is_under_recommendations(): OK
bakery_lint.tests.downstream.test_check_name_table_recommendation.CheckOTFamilyNameRecommendation.test_check_opentype_familyname(): OK
bakery_lint.tests.downstream.test_check_name_table_recommendation.CheckOTStyleNameRecommendation.test_check_opentype_stylename(): FAIL
$ fontbakery-fix-opentype-names.py /home/travis/build/fontdirectory/volkhov/builds/build/Volkhov-Italic-TTF.ttf
$ mv /home/travis/build/fontdirectory/volkhov/builds/build/Volkhov-Italic-TTF.ttf.fix /home/travis/build/fontdirectory/volkhov/builds/build/Volkhov-Italic-TTF.ttf
bakery_lint.tests.downstream.test_check_name_table_recommendation.CheckOTStyleNameRecommendation.test_check_opentype_stylename(): FAIL
bakery_lint.tests.downstream.test_check_name_table_recommendation.CheckOTFullNameRecommendation.test_check_opentype_fullname(): OK
bakery_lint.tests.downstream.test_check_nbsp_width_matches_sp_width.CheckNbspWidthMatchesSpWidth.test_check_nbsp_width_matches_sp_width(): FAIL
$ fontbakery-fix-nbsp.py /home/travis/build/fontdirectory/volkhov/builds/build/Volkhov-Italic-TTF.ttf
$ mv /home/travis/build/fontdirectory/volkhov/builds/build/Volkhov-Italic-TTF.ttf.fix /home/travis/build/fontdirectory/volkhov/builds/build/Volkhov-Italic-TTF.ttf
bakery_lint.tests.downstream.test_check_nbsp_width_matches_sp_width.CheckNbspWidthMatchesSpWidth.test_check_nbsp_width_matches_sp_width(): FAIL
bakery_lint.tests.downstream.test_check_names_same_across_platforms.CheckNamesSameAcrossPlatforms.test_check_names_same_across_platforms(): FAIL
bakery_lint.tests.downstream.test_check_panose_identification.CheckPanoseIdentification.test_check_panose_identification(): OK
bakery_lint.tests.downstream.test_check_license_included.CheckLicenseIncluded.test_license_included_in_font_names(): OK
bakery_lint.tests.downstream.test_check_full_font_name_begins_with_family_name.CheckFullFontNameBeginsWithFamilyName.test_check_full_font_name_begins_with_family_name(): OK
bakery_lint.tests.downstream.test_check_unused_glyph_data.CheckUnusedGlyphData.test_check_unused_glyph_data(): ERROR
bakery_lint.tests.downstream.test_gasp_table_value.CheckGaspTableType.test_check_gasp_table_type(): OK
$ fontbakery-fix-gasp.py --set=15 /home/travis/build/fontdirectory/volkhov/builds/build/Volkhov-Italic-TTF.ttf
$ mv /home/travis/build/fontdirectory/volkhov/builds/build/Volkhov-Italic-TTF.ttf.fix /home/travis/build/fontdirectory/volkhov/builds/build/Volkhov-Italic-TTF.ttf
bakery_lint.tests.downstream.test_check_hmtx_hhea_max_advance_width_agreement.CheckHmtxHheaMaxAdvanceWidthAgreement.test_check_hmtx_hhea_max_advance_width_agreement(): OK
bakery_lint.tests.downstream.test_check_font_agreements.CheckFsTypeIsNotSet.test_is_fstype_not_set(): OK
$ fontbakery-fix-fstype.py --autofix /home/travis/build/fontdirectory/volkhov/builds/build/Volkhov-Italic-TTF.ttf
$ mv /home/travis/build/fontdirectory/volkhov/builds/build/Volkhov-Italic-TTF.ttf.fix /home/travis/build/fontdirectory/volkhov/builds/build/Volkhov-Italic-TTF.ttf
bakery_lint.tests.downstream.test_check_font_agreements.CheckFontAgreements.test_em_is_1000(): OK
bakery_lint.tests.downstream.test_check_font_agreements.CheckFontAgreements.test_font_is_font(): OK
bakery_lint.tests.downstream.test_check_font_agreements.CheckFontAgreements.test_latin_file_exists(): FAIL
bakery_lint.tests.downstream.test_check_font_agreements.CheckFontAgreements.test_menu_file_exists(): FAIL
bakery_lint.tests.downstream.test_check_magic_prep_code.CheckMagicPREPByteCode.test_prep_magic_code(): OK
bakery_lint.tests.downstream.test_check_unencoded_glyph.TestFontUnencodedGlyph.test_font_unencoded_glyphs(): FAIL
$ fontbakery-fix-glyph-private-encoding.py --autofix /home/travis/build/fontdirectory/volkhov/builds/build/Volkhov-Italic-TTF.ttf
$ mv /home/travis/build/fontdirectory/volkhov/builds/build/Volkhov-Italic-TTF.ttf.fix /home/travis/build/fontdirectory/volkhov/builds/build/Volkhov-Italic-TTF.ttf
bakery_lint.tests.downstream.test_check_unencoded_glyph.TestFontUnencodedGlyph.test_font_unencoded_glyphs(): FAIL
bakery_lint.tests.downstream.test_check_glyph_existence.CheckGlyphExistence.test_euro(): OK
bakery_lint.tests.downstream.test_check_glyph_existence.CheckGlyphExistence.test_nbsp(): OK
bakery_lint.tests.downstream.test_check_glyph_existence.CheckGlyphExistence.test_space(): OK
bakery_lint.tests.downstream.test_check_vertical_metrics.CheckVerticalLinegapMetrics.test_metrics_linegaps_are_zero(): OK
bakery_lint.tests.downstream.test_check_vertical_metrics.CheckVerticalAscentMetrics.test_metrics_ascents_equal_bbox(): OK
bakery_lint.tests.downstream.test_check_vertical_metrics.CheckVerticalDescentMetrics.test_metrics_descents_equal_bbox(): OK
bakery_lint.tests.downstream.test_names_are_ascii_only.CheckNamesAreASCIIOnly.test_check_names_are_ascii_only(): OK
bakery_lint.tests.downstream.test_check_glyf_table_length.CheckGlyfTableLength.test_check_glyf_table_length(): FAIL
bakery_lint.tests.downstream.test_check_os2_width_class.CheckOS2WidthClass.test_check_os2_width_class(): OK
bakery_lint.tests.downstream.test_check_no_problematic_formats.CheckNoProblematicFormats.test_check_no_problematic_formats(): OK
bakery_lint.tests.downstream.test_check_fontname_matches_macstyle.CheckFontNameEqualToMacStyleFlags.test_fontname_is_equal_to_macstyle(): FAIL
bakery_lint.tests.downstream.test_gpos_table_has_kerning_info.CheckGposTableHasKerningInfo.test_gpos_table_has_kerning_info(): OK
The following table(s) in the font have been ignored by FontForge
  Ignoring 'DSIG' digital signature table
Warning: Mac string is a subset of the Windows string in the 'name' table
 for the Compatible Full string in the English (US) language.
bakery_lint.tests.downstream.test_fontforge_validation_state.FontForgeValidateStateTest.test_allowed_numbers_paths_in_composite_glyphs(): OK
bakery_lint.tests.downstream.test_fontforge_validation_state.FontForgeValidateStateTest.test_allowed_numbers_paths_in_glyphs(): OK
bakery_lint.tests.downstream.test_fontforge_validation_state.FontForgeValidateStateTest.test_allowed_numbers_points_in_composite_glyphs(): OK
bakery_lint.tests.downstream.test_fontforge_validation_state.FontForgeValidateStateTest.test_allowed_numbers_points_in_glyphs(): OK
bakery_lint.tests.downstream.test_fontforge_validation_state.FontForgeValidateStateTest.test_duplicate_glyphs(): OK
bakery_lint.tests.downstream.test_fontforge_validation_state.FontForgeValidateStateTest.test_duplicate_unicode_codepoints(): OK
bakery_lint.tests.downstream.test_fontforge_validation_state.FontForgeValidateStateTest.test_flipped_reference_in_glyphs(): OK
bakery_lint.tests.downstream.test_fontforge_validation_state.FontForgeValidateStateTest.test_missing_anchors(): OK
bakery_lint.tests.downstream.test_fontforge_validation_state.FontForgeValidateStateTest.test_missing_extrema_in_glyphs(): OK
bakery_lint.tests.downstream.test_fontforge_validation_state.FontForgeValidateStateTest.test_overlapped_hints(): OK
bakery_lint.tests.downstream.test_fontforge_validation_state.FontForgeValidateStateTest.test_points_are_integer_aligned(): OK
bakery_lint.tests.downstream.test_fontforge_validation_state.FontForgeValidateStateTest.test_points_are_not_too_far_apart(): OK
bakery_lint.tests.downstream.test_fontforge_validation_state.FontForgeValidateStateTest.test_postscript_hasnt_limit_hints_in_glyphs(): OK
bakery_lint.tests.downstream.test_fontforge_validation_state.FontForgeValidateStateTest.test_postscript_hasnt_limit_points_in_glyphs(): OK
bakery_lint.tests.downstream.test_fontforge_validation_state.FontForgeValidateStateTest.test_referenced_glyphs_are_present(): OK
bakery_lint.tests.downstream.test_fontforge_validation_state.FontForgeValidateStateTest.test_valid_glyph_names(): OK
bakery_lint.tests.downstream.test_fontforge_validation_state.FontForgeValidateStateTest.test_valid_length_instructions(): OK
bakery_lint.tests.downstream.test_fontforge_validation_state.FontForgeValidateStateTest.test_validation_glyph_intersect(): OK
bakery_lint.tests.downstream.test_fontforge_validation_state.FontForgeValidateStateTest.test_validation_open_contours(): OK
bakery_lint.tests.downstream.test_fontforge_validation_state.FontForgeValidateStateTest.test_wrong_direction_in_glyphs(): OK
### Optimize TTF Volkhov-Italic-TTF.ttf
$ ls -l 'Volkhov-Italic-TTF.ttf'* # look at the size savings of that subset process
Volkhov-Italic-TTF.ttf.opt: 46720 bytes
Volkhov-Italic-TTF.ttf: 48968 bytes
$ mv /home/travis/build/fontdirectory/volkhov/builds/build/Volkhov-Italic-TTF.ttf.opt /home/travis/build/fontdirectory/volkhov/builds/build/Volkhov-Italic-TTF.ttf
### Autohint TTFs (ttfautohint) Volkhov-Italic-TTF.ttf
$ ttfautohint -l 7 -r 28 -G 50 -x 13 -w "G" /home/travis/build/fontdirectory/volkhov/builds/build/Volkhov-Italic-TTF.ttf '/home/travis/build/fontdirectory/volkhov/builds/build/Volkhov-Italic-TTF.autohint.ttf'

$ ls -l /home/travis/build/fontdirectory/volkhov/builds/build/Volkhov-Italic-TTF.*ttf # look at the size savings of that subset process
/home/travis/build/fontdirectory/volkhov/builds/build/Volkhov-Italic-TTF.ttf: 46720 bytes
/home/travis/build/fontdirectory/volkhov/builds/build/Volkhov-Italic-TTF.autohint.ttf: 62088 bytes
$ mv /home/travis/build/fontdirectory/volkhov/builds/build/Volkhov-Italic-TTF.autohint.ttf /home/travis/build/fontdirectory/volkhov/builds/build/Volkhov-Italic-TTF.ttf
### Subset TTFs (pyftsubset) Volkhov-Italic-TTF.ttf
$ pyftsubset Volkhov-Italic-TTF.latin
$ pyftsubset Volkhov-Italic-TTF.menu
spaceWidth is    241
nbspWidth is     241
Nothing to do
strippedname:/home/travis/build/fontdirectory/volkhov/builds/build/Volkhov-Italic-TTF.ttf
$ fontbakery-build-font2ttf.py sources/Volkhov-BoldItalic-TTF.sfd Volkhov-BoldItalic-TTF.ttf
Success: Generated OpenType-TTF (/home/travis/build/fontdirectory/volkhov/builds/build/Volkhov-BoldItalic-TTF.ttf)
### Test Volkhov-BoldItalic-TTF.ttf
$ fontbakery-check.py result Volkhov-BoldItalic-TTF.ttf
bakery_lint.tests.downstream.test_check_italic_angle_agreement.CheckItalicAngleAgreement.test_check_italic_angle_agreement(): OK
bakery_lint.tests.downstream.test_check_upm_heights_less_120.TestCheckUPMHeightsLess120.test_check_upm_heigths_less_120(): FAIL
bakery_lint.tests.downstream.test_check_font_tables.CheckFontHasDsigTable.test_check_font_has_dsig_table(): OK
bakery_lint.tests.downstream.test_check_font_tables.CheckFontHasNotKernTable.test_no_kern_table_exists(): OK
bakery_lint.tests.downstream.test_check_name_table_recommendation.CheckStyleNameRecommendation.test_check_stylename_is_under_recommendations(): OK
bakery_lint.tests.downstream.test_check_name_table_recommendation.CheckOTFamilyNameRecommendation.test_check_opentype_familyname(): FAIL
$ fontbakery-fix-opentype-names.py /home/travis/build/fontdirectory/volkhov/builds/build/Volkhov-BoldItalic-TTF.ttf
$ mv /home/travis/build/fontdirectory/volkhov/builds/build/Volkhov-BoldItalic-TTF.ttf.fix /home/travis/build/fontdirectory/volkhov/builds/build/Volkhov-BoldItalic-TTF.ttf
bakery_lint.tests.downstream.test_check_name_table_recommendation.CheckOTFamilyNameRecommendation.test_check_opentype_familyname(): OK
bakery_lint.tests.downstream.test_check_name_table_recommendation.CheckOTStyleNameRecommendation.test_check_opentype_stylename(): OK
bakery_lint.tests.downstream.test_check_name_table_recommendation.CheckOTFullNameRecommendation.test_check_opentype_fullname(): OK
bakery_lint.tests.downstream.test_check_nbsp_width_matches_sp_width.CheckNbspWidthMatchesSpWidth.test_check_nbsp_width_matches_sp_width(): FAIL
$ fontbakery-fix-nbsp.py /home/travis/build/fontdirectory/volkhov/builds/build/Volkhov-BoldItalic-TTF.ttf
$ mv /home/travis/build/fontdirectory/volkhov/builds/build/Volkhov-BoldItalic-TTF.ttf.fix /home/travis/build/fontdirectory/volkhov/builds/build/Volkhov-BoldItalic-TTF.ttf
bakery_lint.tests.downstream.test_check_nbsp_width_matches_sp_width.CheckNbspWidthMatchesSpWidth.test_check_nbsp_width_matches_sp_width(): FAIL
bakery_lint.tests.downstream.test_check_names_same_across_platforms.CheckNamesSameAcrossPlatforms.test_check_names_same_across_platforms(): OK
bakery_lint.tests.downstream.test_check_panose_identification.CheckPanoseIdentification.test_check_panose_identification(): OK
bakery_lint.tests.downstream.test_check_license_included.CheckLicenseIncluded.test_license_included_in_font_names(): OK
bakery_lint.tests.downstream.test_check_full_font_name_begins_with_family_name.CheckFullFontNameBeginsWithFamilyName.test_check_full_font_name_begins_with_family_name(): OK
bakery_lint.tests.downstream.test_check_unused_glyph_data.CheckUnusedGlyphData.test_check_unused_glyph_data(): ERROR
bakery_lint.tests.downstream.test_gasp_table_value.CheckGaspTableType.test_check_gasp_table_type(): OK
$ fontbakery-fix-gasp.py --set=15 /home/travis/build/fontdirectory/volkhov/builds/build/Volkhov-BoldItalic-TTF.ttf
$ mv /home/travis/build/fontdirectory/volkhov/builds/build/Volkhov-BoldItalic-TTF.ttf.fix /home/travis/build/fontdirectory/volkhov/builds/build/Volkhov-BoldItalic-TTF.ttf
bakery_lint.tests.downstream.test_check_hmtx_hhea_max_advance_width_agreement.CheckHmtxHheaMaxAdvanceWidthAgreement.test_check_hmtx_hhea_max_advance_width_agreement(): OK
bakery_lint.tests.downstream.test_check_font_agreements.CheckFsTypeIsNotSet.test_is_fstype_not_set(): OK
$ fontbakery-fix-fstype.py --autofix /home/travis/build/fontdirectory/volkhov/builds/build/Volkhov-BoldItalic-TTF.ttf
$ mv /home/travis/build/fontdirectory/volkhov/builds/build/Volkhov-BoldItalic-TTF.ttf.fix /home/travis/build/fontdirectory/volkhov/builds/build/Volkhov-BoldItalic-TTF.ttf
bakery_lint.tests.downstream.test_check_font_agreements.CheckFontAgreements.test_em_is_1000(): OK
bakery_lint.tests.downstream.test_check_font_agreements.CheckFontAgreements.test_font_is_font(): OK
bakery_lint.tests.downstream.test_check_font_agreements.CheckFontAgreements.test_latin_file_exists(): FAIL
bakery_lint.tests.downstream.test_check_font_agreements.CheckFontAgreements.test_menu_file_exists(): FAIL
bakery_lint.tests.downstream.test_check_magic_prep_code.CheckMagicPREPByteCode.test_prep_magic_code(): OK
bakery_lint.tests.downstream.test_check_unencoded_glyph.TestFontUnencodedGlyph.test_font_unencoded_glyphs(): FAIL
$ fontbakery-fix-glyph-private-encoding.py --autofix /home/travis/build/fontdirectory/volkhov/builds/build/Volkhov-BoldItalic-TTF.ttf
$ mv /home/travis/build/fontdirectory/volkhov/builds/build/Volkhov-BoldItalic-TTF.ttf.fix /home/travis/build/fontdirectory/volkhov/builds/build/Volkhov-BoldItalic-TTF.ttf
bakery_lint.tests.downstream.test_check_unencoded_glyph.TestFontUnencodedGlyph.test_font_unencoded_glyphs(): FAIL
bakery_lint.tests.downstream.test_check_glyph_existence.CheckGlyphExistence.test_euro(): OK
bakery_lint.tests.downstream.test_check_glyph_existence.CheckGlyphExistence.test_nbsp(): OK
bakery_lint.tests.downstream.test_check_glyph_existence.CheckGlyphExistence.test_space(): OK
bakery_lint.tests.downstream.test_check_vertical_metrics.CheckVerticalLinegapMetrics.test_metrics_linegaps_are_zero(): OK
bakery_lint.tests.downstream.test_check_vertical_metrics.CheckVerticalAscentMetrics.test_metrics_ascents_equal_bbox(): OK
bakery_lint.tests.downstream.test_check_vertical_metrics.CheckVerticalDescentMetrics.test_metrics_descents_equal_bbox(): OK
bakery_lint.tests.downstream.test_names_are_ascii_only.CheckNamesAreASCIIOnly.test_check_names_are_ascii_only(): OK
bakery_lint.tests.downstream.test_check_glyf_table_length.CheckGlyfTableLength.test_check_glyf_table_length(): FAIL
bakery_lint.tests.downstream.test_check_os2_width_class.CheckOS2WidthClass.test_check_os2_width_class(): OK
bakery_lint.tests.downstream.test_check_no_problematic_formats.CheckNoProblematicFormats.test_check_no_problematic_formats(): OK
bakery_lint.tests.downstream.test_check_fontname_matches_macstyle.CheckFontNameEqualToMacStyleFlags.test_fontname_is_equal_to_macstyle(): FAIL
bakery_lint.tests.downstream.test_gpos_table_has_kerning_info.CheckGposTableHasKerningInfo.test_gpos_table_has_kerning_info(): OK
The following table(s) in the font have been ignored by FontForge
  Ignoring 'DSIG' digital signature table
bakery_lint.tests.downstream.test_fontforge_validation_state.FontForgeValidateStateTest.test_allowed_numbers_paths_in_composite_glyphs(): OK
bakery_lint.tests.downstream.test_fontforge_validation_state.FontForgeValidateStateTest.test_allowed_numbers_paths_in_glyphs(): OK
bakery_lint.tests.downstream.test_fontforge_validation_state.FontForgeValidateStateTest.test_allowed_numbers_points_in_composite_glyphs(): OK
bakery_lint.tests.downstream.test_fontforge_validation_state.FontForgeValidateStateTest.test_allowed_numbers_points_in_glyphs(): OK
bakery_lint.tests.downstream.test_fontforge_validation_state.FontForgeValidateStateTest.test_duplicate_glyphs(): OK
bakery_lint.tests.downstream.test_fontforge_validation_state.FontForgeValidateStateTest.test_duplicate_unicode_codepoints(): OK
bakery_lint.tests.downstream.test_fontforge_validation_state.FontForgeValidateStateTest.test_flipped_reference_in_glyphs(): OK
bakery_lint.tests.downstream.test_fontforge_validation_state.FontForgeValidateStateTest.test_missing_anchors(): OK
bakery_lint.tests.downstream.test_fontforge_validation_state.FontForgeValidateStateTest.test_missing_extrema_in_glyphs(): OK
bakery_lint.tests.downstream.test_fontforge_validation_state.FontForgeValidateStateTest.test_overlapped_hints(): OK
bakery_lint.tests.downstream.test_fontforge_validation_state.FontForgeValidateStateTest.test_points_are_integer_aligned(): OK
bakery_lint.tests.downstream.test_fontforge_validation_state.FontForgeValidateStateTest.test_points_are_not_too_far_apart(): OK
bakery_lint.tests.downstream.test_fontforge_validation_state.FontForgeValidateStateTest.test_postscript_hasnt_limit_hints_in_glyphs(): OK
bakery_lint.tests.downstream.test_fontforge_validation_state.FontForgeValidateStateTest.test_postscript_hasnt_limit_points_in_glyphs(): OK
bakery_lint.tests.downstream.test_fontforge_validation_state.FontForgeValidateStateTest.test_referenced_glyphs_are_present(): OK
bakery_lint.tests.downstream.test_fontforge_validation_state.FontForgeValidateStateTest.test_valid_glyph_names(): OK
bakery_lint.tests.downstream.test_fontforge_validation_state.FontForgeValidateStateTest.test_valid_length_instructions(): OK
bakery_lint.tests.downstream.test_fontforge_validation_state.FontForgeValidateStateTest.test_validation_glyph_intersect(): OK
bakery_lint.tests.downstream.test_fontforge_validation_state.FontForgeValidateStateTest.test_validation_open_contours(): OK
bakery_lint.tests.downstream.test_fontforge_validation_state.FontForgeValidateStateTest.test_wrong_direction_in_glyphs(): OK
### Optimize TTF Volkhov-BoldItalic-TTF.ttf
$ ls -l 'Volkhov-BoldItalic-TTF.ttf'* # look at the size savings of that subset process
Volkhov-BoldItalic-TTF.ttf.opt: 43828 bytes
Volkhov-BoldItalic-TTF.ttf: 46076 bytes
$ mv /home/travis/build/fontdirectory/volkhov/builds/build/Volkhov-BoldItalic-TTF.ttf.opt /home/travis/build/fontdirectory/volkhov/builds/build/Volkhov-BoldItalic-TTF.ttf
### Autohint TTFs (ttfautohint) Volkhov-BoldItalic-TTF.ttf
$ ttfautohint -l 7 -r 28 -G 50 -x 13 -w "G" /home/travis/build/fontdirectory/volkhov/builds/build/Volkhov-BoldItalic-TTF.ttf '/home/travis/build/fontdirectory/volkhov/builds/build/Volkhov-BoldItalic-TTF.autohint.ttf'

$ ls -l /home/travis/build/fontdirectory/volkhov/builds/build/Volkhov-BoldItalic-TTF.*ttf # look at the size savings of that subset process
/home/travis/build/fontdirectory/volkhov/builds/build/Volkhov-BoldItalic-TTF.ttf: 43828 bytes
/home/travis/build/fontdirectory/volkhov/builds/build/Volkhov-BoldItalic-TTF.autohint.ttf: 59728 bytes
$ mv /home/travis/build/fontdirectory/volkhov/builds/build/Volkhov-BoldItalic-TTF.autohint.ttf /home/travis/build/fontdirectory/volkhov/builds/build/Volkhov-BoldItalic-TTF.ttf
### Subset TTFs (pyftsubset) Volkhov-BoldItalic-TTF.ttf
$ pyftsubset Volkhov-BoldItalic-TTF.latin
$ pyftsubset Volkhov-BoldItalic-TTF.menu
spaceWidth is    233
nbspWidth is     233
Nothing to do
strippedname:/home/travis/build/fontdirectory/volkhov/builds/build/Volkhov-BoldItalic-TTF.ttf
### (5 of 6) Generate METADATA.json (fontbakery-build-metadata.py)
$ fontbakery-build-metadata.py /home/travis/build/fontdirectory/volkhov/builds/build
{} exists
Designer's name from font is: Cyreal (www.cyreal.org)
Original size: 56040\nGzip size: 30584
Family Name: Volkhov
PS Name: Volkhov-BoldItalic
Full Name: Volkhov Bold Italic
Style: normal
Weight: 700
Filename: Volkhov-BoldItalic.ttf
Copyright: Copyright (c) 2011, Cyreal (www.cyreal.org)\rwith Reserved Font Name "Volkhov" and "Volkhov Bold Italic".\r\rThis Font Software is licensed under the SIL Open Font License,\rVersion 1.1. This license is available with a FAQ at:\rhttp://scripts.sil.org/OFL
Family Name: Volkhov
PS Name: Volkhov-Regular
Full Name: Volkhov-Regular
Style: normal
Weight: 400
Filename: Volkhov-Regular.ttf
Copyright: Copyright (c) 2011, Cyreal (www.cyreal.org)\rwith Reserved Font Name "Volkhov" and "Volkhov Regular".\r\rThis Font Software is licensed under the SIL Open Font License,\rVersion 1.1. This license is available with a FAQ at:\rhttp://scripts.sil.org/OFL
Family Name: Volkhov
PS Name: Volkhov-Bold
Full Name: Volkhov Bold
Style: normal
Weight: 700
Filename: Volkhov-Bold.ttf
Copyright: Copyright (c) 2011, Cyreal (www.cyreal.org)\rwith Reserved Font Name "Volkhov" and "Volkhov Bold".\r\rThis Font Software is licensed under the SIL Open Font License,\rVersion 1.1. This license is available with a FAQ at:\rhttp://scripts.sil.org/OFL
Family Name: Volkhov
PS Name: Volkhov-BoldItalic
Full Name: Volkhov Bold Italic
Style: normal
Weight: 700
Filename: Volkhov-BoldItalic-TTF.ttf
Copyright: Copyright (c) 2011, Cyreal (www.cyreal.org)\nwith Reserved Font Name "Volkhov" and "Volkhov Bold Italic".\n\nThis Font Software is licensed under the SIL Open Font License,\nVersion 1.1. This license is available with a FAQ at:\nhttp://scripts.sil.org/OFL
Family Name: Volkhov
PS Name: Volkhov-Italic
Full Name: Volkhov Italic
Style: italic
Weight: 400
Filename: Volkhov-Italic.ttf
Copyright: Copyright (c) 2011, Cyreal (www.cyreal.org)\rwith Reserved Font Name "Volkhov" and "Volkhov Italic".\r\rThis Font Software is licensed under the SIL Open Font License,\rVersion 1.1. This license is available with a FAQ at:\rhttp://scripts.sil.org/OFL
Family Name: Volkhov
PS Name: Volkhov-Italic
Full Name: Volkhov Italic
Style: italic
Weight: 400
Filename: Volkhov-Italic-TTF.ttf
Copyright: Copyright (c) 2011, Cyreal (www.cyreal.org)\nwith Reserved Font Name "Volkhov" and "Volkhov Italic".\n\nThis Font Software is licensed under the SIL Open Font License,\nVersion 1.1. This license is available with a FAQ at:\nhttp://scripts.sil.org/OFL
### (6 of 6) Run tests for METADATA.json
$ fontbakery-check.py metadata METADATA.json
bakery_lint.tests.metadata_test.MetadataSubsetsListTest.test_charset_latin(): OK
bakery_lint.tests.metadata_test.MetadataSubsetsListTest.test_charset_menu(): OK
bakery_lint.tests.metadata_test.MetadataTest.test_description_is_more_than_500b(): OK
bakery_lint.tests.metadata_test.MetadataTest.test_description_is_valid_html(): FAIL
bakery_lint.tests.metadata_test.MetadataTest.test_does_not_familyName_exist_in_daltonmaag_catalogue(): FAIL
bakery_lint.tests.metadata_test.MetadataTest.test_does_not_familyName_exist_in_fontbureau_catalogue(): OK
bakery_lint.tests.metadata_test.MetadataTest.test_does_not_familyName_exist_in_fontscom_catalogue(): OK
bakery_lint.tests.metadata_test.MetadataTest.test_does_not_familyName_exist_in_fontshop_catalogue(): FAIL
bakery_lint.tests.metadata_test.MetadataTest.test_does_not_familyName_exist_in_fontsmith_catalogue(): FAIL
bakery_lint.tests.metadata_test.MetadataTest.test_does_not_familyName_exist_in_houseind_catalogue(): OK
bakery_lint.tests.metadata_test.MetadataTest.test_does_not_familyName_exist_in_myfonts_catalogue(): FAIL
bakery_lint.tests.metadata_test.MetadataTest.test_does_not_familyName_exist_in_veer_catalogue(): OK
bakery_lint.tests.metadata_test.MetadataTest.test_family_is_listed_in_gwf(): OK
bakery_lint.tests.metadata_test.MetadataTest.test_metadata_atleast_latin_menu_subsets_exist(): OK
/home/travis/virtualenv/python2.7.8/lib/python2.7/site-packages/bakery_lint/tests/metadata_test.py:141: UnicodeWarning: Unicode equal comparison failed to convert both arguments to Unicode - interpreting them as being unequal
  self.assertTrue(designer in designers,
bakery_lint.tests.metadata_test.MetadataTest.test_metadata_designer_exists_in_profiles_csv(): OK
bakery_lint.tests.metadata_test.MetadataTest.test_metadata_fonts_items_dicts(): OK
bakery_lint.tests.metadata_test.MetadataTest.test_metadata_fonts_key_list(): OK
bakery_lint.tests.metadata_test.MetadataTest.test_metadata_fonts_no_dupes(): OK
bakery_lint.tests.metadata_test.MetadataTest.test_metadata_has_unique_style_weight_pairs(): OK
bakery_lint.tests.metadata_test.MetadataTest.test_metadata_keys(): OK
bakery_lint.tests.metadata_test.MetadataTest.test_metadata_license(): OK
bakery_lint.tests.metadata_test.MetadataTest.test_metadata_no_unknown_top_keys(): OK
bakery_lint.tests.metadata_test.MetadataTest.test_metadata_subsets_key_list(): OK
bakery_lint.tests.metadata_test.MetadataTest.test_metadata_top_keys_types(): OK
bakery_lint.tests.downstream.test_check_metadata_style_matches_names.CheckItalicStyleMatchesMacStyle.test_check_italic_style_matches_names(): FAIL
bakery_lint.tests.downstream.test_check_metadata_style_matches_names.CheckNormalStyleMatchesMacStyle.test_check_normal_style_matches_names(): OK
bakery_lint.tests.downstream.test_check_text_files_exist.CheckTextFilesExist.test_copyrighttxt_exists(): FAIL
bakery_lint.tests.downstream.test_check_text_files_exist.CheckTextFilesExist.test_description_exists(): OK
bakery_lint.tests.downstream.test_check_text_files_exist.CheckTextFilesExist.test_fontlogtxt_exists(): OK
bakery_lint.tests.downstream.test_check_text_files_exist.CheckTextFilesExist.test_licensetxt_exists(): FAIL
bakery_lint.tests.downstream.test_check_menu_contains_proper_glyphs.CheckMenuSubsetContainsProperGlyphs.test_check_menu_contains_proper_glyphs(): FAIL
bakery_lint.tests.downstream.test_check_glyph_consistency.CheckGlyphConsistencyInFamily.test_the_same_encodings_of_glyphs_across_family(): OK
bakery_lint.tests.downstream.test_check_glyph_consistency.CheckGlyphConsistencyInFamily.test_the_same_names_of_glyphs_across_family(): OK
bakery_lint.tests.downstream.test_check_glyph_consistency.CheckGlyphConsistencyInFamily.test_the_same_number_of_glyphs_across_family(): OK
bakery_lint.tests.downstream.test_metadata_font_copyright.CheckMetadataContainsReservedFontName.test_copyright_contains_correct_rfn(): OK
bakery_lint.tests.downstream.test_metadata_font_copyright.CheckMetadataContainsReservedFontName.test_copyright_is_consistent_across_family(): FAIL
bakery_lint.tests.downstream.test_metadata_font_copyright.CheckMetadataContainsReservedFontName.test_copyright_matches_pattern(): OK
bakery_lint.tests.downstream.test_metadata_font_copyright.CheckMetadataContainsReservedFontName.test_metadata_copyright_size(): OK
bakery_lint.tests.downstream.test_check_monospace_agreements.CheckMonospaceAgreement.test_check_monospace_agreement(): OK
bakery_lint.tests.downstream.test_check_font_name_not_in_camelcase.CheckFontNameNotInCamelCase.test_fontname_not_in_camel_case(): OK
bakery_lint.tests.downstream.test_check_canonical_styles.CheckCanonicalStyles.test_check_canonical_styles(): OK
bakery_lint.tests.downstream.test_check_metadata_matches_nametable.CheckMetadataMatchesNameTable.test_check_metadata_matches_nametable(): FAIL
bakery_lint.tests.downstream.test_check_metadata_fields.CheckMetadataFields.test_check_metadata_fields(): OK
bakery_lint.tests.downstream.test_check_subsets_exists.CheckSubsetsExist.test_check_subsets_exists(): OK
bakery_lint.tests.downstream.test_check_canonical_filenames.CheckCanonicalFilenames.test_check_canonical_filenames(): OK
bakery_lint.tests.downstream.test_check_files_menu_agreements.CheckFontsMenuAgreements.test_menu_file_agreement(): OK
bakery_lint.tests.downstream.test_check_familyname_matches_fontnames.CheckFamilyNameMatchesFontNames.test_check_familyname_matches_fontnames(): OK
bakery_lint.tests.downstream.test_metadata_agreements.TestFontOnDiskFamilyEqualToMetadataJSON.test_font_on_disk_family_equal_in_metadata_json(): OK
bakery_lint.tests.downstream.test_metadata_agreements.TestPostScriptNameInMetadataEqualFontOnDisk.test_postscriptname_in_metadata_equal_to_font_on_disk(): OK
bakery_lint.tests.downstream.test_metadata_agreements.CheckMetadataAgreements.test_font_name_matches_family(): OK
bakery_lint.tests.downstream.test_metadata_agreements.CheckMetadataAgreements.test_metadata_family_values_are_all_the_same(): OK
bakery_lint.tests.downstream.test_metadata_agreements.CheckMetadataAgreements.test_metadata_filename_matches_postscriptname(): OK
bakery_lint.tests.downstream.test_metadata_agreements.CheckMetadataAgreements.test_metadata_font_have_regular(): OK
bakery_lint.tests.downstream.test_metadata_agreements.CheckMetadataAgreements.test_metadata_fonts_fields_have_fontname(): OK
bakery_lint.tests.downstream.test_metadata_agreements.CheckMetadataAgreements.test_metadata_fullname_is_equal_to_internal_font_fullname(): FAIL
bakery_lint.tests.downstream.test_metadata_agreements.CheckMetadataAgreements.test_metadata_fullname_matches_postScriptName(): OK
bakery_lint.tests.downstream.test_metadata_agreements.CheckMetadataAgreements.test_metadata_regular_is_400(): OK
bakery_lint.tests.downstream.test_metadata_agreements.CheckMetadataAgreements.test_metadata_regular_is_normal(): OK
bakery_lint.tests.downstream.test_check_canonical_weights.CheckCanonicalWeights.test_check_canonical_weights(): OK
bakery_lint.tests.downstream.test_check_canonical_weights.CheckPostScriptNameMatchesWeight.test_postscriptname_contains_correct_weight(): OK
bakery_lint.tests.downstream.test_check_canonical_weights.CheckFontWeightSameAsInMetadata.test_font_weight_same_as_in_metadata(): OK
bakery_lint.tests.downstream.test_check_canonical_weights.CheckFullNameEqualCanonicalName.test_metadata_contains_current_font(): OK
{
  "name": "Volkhov", 
  "designer": "Cyreal", 
  "license": "OFL", 
  "visibility": "External", 
  "category": "Serif", 
  "size": 55281, 
  "fonts": [
    {
      "name": "Volkhov", 
      "postScriptName": "Volkhov-BoldItalic", 
      "fullName": "Volkhov Bold Italic", 
      "style": "normal", 
      "weight": 700, 
      "filename": "Volkhov-BoldItalic.ttf", 
      "copyright": "Copyright (c) 2011, Cyreal (www.cyreal.org)\rwith Reserved Font Name \"Volkhov\" and \"Volkhov Bold Italic\".\r\rThis Font Software is licensed under the SIL Open Font License,\rVersion 1.1. This license is available with a FAQ at:\rhttp://scripts.sil.org/OFL"
    }, 
    {
      "name": "Volkhov", 
      "postScriptName": "Volkhov-Regular", 
      "fullName": "Volkhov-Regular", 
      "style": "normal", 
      "weight": 400, 
      "filename": "Volkhov-Regular.ttf", 
      "copyright": "Copyright (c) 2011, Cyreal (www.cyreal.org)\rwith Reserved Font Name \"Volkhov\" and \"Volkhov Regular\".\r\rThis Font Software is licensed under the SIL Open Font License,\rVersion 1.1. This license is available with a FAQ at:\rhttp://scripts.sil.org/OFL"
    }, 
    {
      "name": "Volkhov", 
      "postScriptName": "Volkhov-Bold", 
      "fullName": "Volkhov Bold", 
      "style": "normal", 
      "weight": 700, 
      "filename": "Volkhov-Bold.ttf", 
      "copyright": "Copyright (c) 2011, Cyreal (www.cyreal.org)\rwith Reserved Font Name \"Volkhov\" and \"Volkhov Bold\".\r\rThis Font Software is licensed under the SIL Open Font License,\rVersion 1.1. This license is available with a FAQ at:\rhttp://scripts.sil.org/OFL"
    }, 
    {
      "name": "Volkhov", 
      "postScriptName": "Volkhov-BoldItalic", 
      "fullName": "Volkhov Bold Italic", 
      "style": "normal", 
      "weight": 700, 
      "filename": "Volkhov-BoldItalic-TTF.ttf", 
      "copyright": "Copyright (c) 2011, Cyreal (www.cyreal.org)\nwith Reserved Font Name \"Volkhov\" and \"Volkhov Bold Italic\".\n\nThis Font Software is licensed under the SIL Open Font License,\nVersion 1.1. This license is available with a FAQ at:\nhttp://scripts.sil.org/OFL"
    }, 
    {
      "name": "Volkhov", 
      "postScriptName": "Volkhov-Italic", 
      "fullName": "Volkhov Italic", 
      "style": "italic", 
      "weight": 400, 
      "filename": "Volkhov-Italic.ttf", 
      "copyright": "Copyright (c) 2011, Cyreal (www.cyreal.org)\rwith Reserved Font Name \"Volkhov\" and \"Volkhov Italic\".\r\rThis Font Software is licensed under the SIL Open Font License,\rVersion 1.1. This license is available with a FAQ at:\rhttp://scripts.sil.org/OFL"
    }, 
    {
      "name": "Volkhov", 
      "postScriptName": "Volkhov-Italic", 
      "fullName": "Volkhov Italic", 
      "style": "italic", 
      "weight": 400, 
      "filename": "Volkhov-Italic-TTF.ttf", 
      "copyright": "Copyright (c) 2011, Cyreal (www.cyreal.org)\nwith Reserved Font Name \"Volkhov\" and \"Volkhov Italic\".\n\nThis Font Software is licensed under the SIL Open Font License,\nVersion 1.1. This license is available with a FAQ at:\nhttp://scripts.sil.org/OFL"
    }
  ], 
  "subsets": [
    "latin", 
    "menu"
  ], 
  "dateAdded": "2011-08-17"
}
